{
  _type: 'element',
  tags: null,
  links: null,
  _stage: 'layouted',
  sourcePath: 'src/model.views.c4',
  description: null,
  title: 'SRDP overview',
  id: 'index',
  autoLayout: {
    direction: 'TB',
  },
  hash: 'LZ66MDLfonSk1DczzO4fVnaYANVc0AnxjC7hfIflB48',
  bounds: {
    x: 184,
    y: -17,
    width: 1751,
    height: 1501,
  },
  nodes: [
    {
      id: 'srdp',
      parent: null,
      level: 0,
      children: [
        'srdp.orchestrator',
        'srdp.lakehouse',
      ],
      inEdges: [
        't8m9ed',
        'sblpi4',
      ],
      outEdges: [],
      title: 'SRDP Core',
      modelRef: 'srdp',
      shape: 'rectangle',
      color: 'foundation-blue',
      style: {
        opacity: 15,
        size: 'md',
      },
      description: {
        txt: 'An integrated lakehouse data platform that leverages open storage types, data formats and data processing pipelines for reporting, analytics, and machine learning, as well as streaming workloads.',
      },
      tags: [],
      kind: 'system',
      depth: 3,
      x: 204,
      y: 3,
      width: 1187,
      height: 1011,
      labelBBox: {
        x: 6,
        y: 0,
        width: 69,
        height: 15,
      },
      navigateTo: null,
      links: null,
    },
    {
      id: 'srdp.orchestrator',
      parent: 'srdp',
      level: 1,
      children: [
        'srdp.orchestrator.code-location',
        'srdp.orchestrator.ui',
      ],
      inEdges: [
        'sblpi4',
      ],
      outEdges: [
        '108sqy6',
      ],
      title: 'Workflow Orchestrator',
      modelRef: 'srdp.orchestrator',
      shape: 'rectangle',
      color: 'foundation-blue',
      style: {
        opacity: 15,
        size: 'md',
      },
      description: {
        txt: 'Manages and schedules data pipelines, ensuring that data processing tasks are executed in the correct order and at the right time.',
      },
      tags: [],
      links: [
        {
          url: 'https://docs.dagster.io/',
          title: 'Dagster as preferred open source workflow orchestrator.',
        },
      ],
      kind: 'system',
      depth: 2,
      navigateTo: 'view_1jhf8sl',
      x: 246,
      y: 63,
      width: 527,
      height: 909,
      labelBBox: {
        x: 6,
        y: 0,
        width: 167,
        height: 15,
      },
    },
    {
      id: 'srdp.orchestrator.code-location',
      parent: 'srdp.orchestrator',
      level: 2,
      children: [
        'srdp.orchestrator.code-location.asset',
        'srdp.orchestrator.code-location.job',
      ],
      inEdges: [],
      outEdges: [
        '108sqy6',
      ],
      title: 'Code Location',
      modelRef: 'srdp.orchestrator.code-location',
      shape: 'rectangle',
      color: 'indigo',
      style: {
        opacity: 15,
        size: 'md',
      },
      description: {
        txt: 'Collection of entity definitions (assets, jobs etc.) deployed in a specific environment',
      },
      tags: [],
      kind: 'component',
      depth: 1,
      x: 288,
      y: 424,
      width: 443,
      height: 506,
      labelBBox: {
        x: 6,
        y: 0,
        width: 96,
        height: 15,
      },
      navigateTo: null,
      links: null,
    },
    {
      id: 'srdp.orchestrator.ui',
      parent: 'srdp.orchestrator',
      level: 2,
      children: [],
      inEdges: [],
      outEdges: [],
      title: 'Web UI',
      modelRef: 'srdp.orchestrator.ui',
      shape: 'component',
      color: 'foundation-green',
      style: {
        opacity: 15,
        size: 'md',
      },
      description: {
        txt: 'Provides a user interface for monitoring and managing data pipelines, allowing users to visualize the status of their workflows and troubleshoot any issues that arise.',
      },
      tags: [],
      kind: 'container',
      x: 327,
      y: 123,
      width: 370,
      height: 180,
      labelBBox: {
        x: 38,
        y: 38,
        width: 295,
        height: 101,
      },
      navigateTo: null,
      links: null,
    },
    {
      id: 'srdp.orchestrator.code-location.asset',
      parent: 'srdp.orchestrator.code-location',
      level: 3,
      children: [],
      inEdges: [],
      outEdges: [
        '108sqy6',
      ],
      title: 'Asset',
      modelRef: 'srdp.orchestrator.code-location.asset',
      shape: 'rectangle',
      color: 'indigo',
      style: {
        opacity: 15,
        size: 'md',
      },
      description: {
        txt: 'An asset represents a logical unit of data such as a table, dataset, or machine learning model. Assets can have dependencies on other assets, forming the data lineage for your pipelines.',
      },
      tags: [],
      kind: 'component',
      x: 330,
      y: 708,
      width: 356,
      height: 180,
      labelBBox: {
        x: 18,
        y: 29,
        width: 320,
        height: 119,
      },
      navigateTo: null,
      links: null,
    },
    {
      id: 'srdp.orchestrator.code-location.job',
      parent: 'srdp.orchestrator.code-location',
      level: 3,
      children: [],
      inEdges: [],
      outEdges: [],
      title: 'Job',
      modelRef: 'srdp.orchestrator.code-location.job',
      shape: 'rectangle',
      color: 'indigo',
      style: {
        opacity: 15,
        size: 'md',
      },
      description: {
        txt: 'A job code that needs to be executed on data. It takes takes assets as input and produces assets as output',
      },
      tags: [],
      kind: 'component',
      x: 343,
      y: 484,
      width: 346,
      height: 180,
      labelBBox: {
        x: 18,
        y: 47,
        width: 310,
        height: 83,
      },
      navigateTo: null,
      links: null,
    },
    {
      id: 'srdp.lakehouse',
      parent: 'srdp',
      level: 1,
      children: [
        'srdp.lakehouse.compute',
        'srdp.lakehouse.ducklake',
      ],
      inEdges: [
        '108sqy6',
        't8m9ed',
      ],
      outEdges: [],
      title: 'Lakehouse',
      modelRef: 'srdp.lakehouse',
      shape: 'rectangle',
      color: 'foundation-blue',
      style: {
        opacity: 15,
        size: 'md',
      },
      description: {
        txt: 'A data storage architecture that combines the benefits of data lakes and data warehouses, providing a unified platform for storing and analyzing structured and unstructured data.',
      },
      tags: [],
      links: [
        {
          url: 'https://doi.org/10.1007/s42979-024-02737-0',
          title: 'Overview paper.',
        },
      ],
      kind: 'system',
      depth: 2,
      navigateTo: 'view_b7q82y',
      x: 816,
      y: 65,
      width: 533,
      height: 907,
      labelBBox: {
        x: 6,
        y: 0,
        width: 73,
        height: 15,
      },
    },
    {
      id: 'srdp.lakehouse.compute',
      parent: 'srdp.lakehouse',
      level: 2,
      children: [],
      inEdges: [],
      outEdges: [
        'rtrm4l',
      ],
      title: 'Compute',
      modelRef: 'srdp.lakehouse.compute',
      shape: 'component',
      color: 'foundation-green',
      style: {
        opacity: 15,
        size: 'md',
      },
      description: {
        txt: 'An empheral computing instance (client) which which queries and data processing logica can be applied to the data.',
      },
      tags: [],
      kind: 'container',
      x: 893,
      y: 125,
      width: 390,
      height: 180,
      labelBBox: {
        x: 38,
        y: 47,
        width: 314,
        height: 83,
      },
      navigateTo: null,
      links: null,
    },
    {
      id: 'observability',
      parent: null,
      level: 0,
      children: [
        'observability.data-lineage',
        'observability.monitoring',
      ],
      inEdges: [],
      outEdges: [
        't8m9ed',
        'sblpi4',
      ],
      title: 'Observability',
      modelRef: 'observability',
      shape: 'rectangle',
      color: 'foundation-blue',
      style: {
        opacity: 15,
        size: 'md',
      },
      description: {
        txt: 'Provides monitoring, logging, and alerting capabilities to ensure the health and performance of the data platform.',
      },
      tags: [],
      links: [
        {
          url: 'https://opentelemetry.io/',
          title: 'OpenTelemetry as preferred open source observability framework.',
        },
      ],
      kind: 'system',
      depth: 2,
      x: 205,
      y: 1080,
      width: 1439,
      height: 384,
      labelBBox: {
        x: 6,
        y: 0,
        width: 93,
        height: 15,
      },
      navigateTo: null,
    },
    {
      id: 'observability.data-lineage',
      parent: 'observability',
      level: 1,
      children: [
        'observability.data-lineage.ui',
        'observability.data-lineage.api',
      ],
      inEdges: [],
      outEdges: [
        't8m9ed',
        'sblpi4',
      ],
      title: 'Data Lineage',
      modelRef: 'observability.data-lineage',
      shape: 'rectangle',
      color: 'foundation-blue',
      style: {
        opacity: 15,
        size: 'md',
      },
      description: {
        txt: 'Tracks the flow of data through the platform, providing visibility into data transformations, dependencies, and the origin of data assets, using the OpenLineage standard.',
      },
      tags: [],
      links: [
        {
          url: 'https://openlineage.io/',
          title: 'OpenLineage specification.',
        },
        {
          url: 'https://marquezproject.ai/',
          title: 'Marquez as preferred open source implementation of OpenLineage.',
        },
      ],
      kind: 'system',
      depth: 1,
      x: 247,
      y: 1140,
      width: 902,
      height: 282,
      labelBBox: {
        x: 6,
        y: 0,
        width: 87,
        height: 15,
      },
      navigateTo: null,
    },
    {
      id: 'srdp.lakehouse.ducklake',
      parent: 'srdp.lakehouse',
      level: 2,
      children: [
        'srdp.lakehouse.ducklake.catalog',
        'srdp.lakehouse.ducklake.storage',
      ],
      inEdges: [
        'rtrm4l',
      ],
      outEdges: [],
      title: 'DuckLake',
      modelRef: 'srdp.lakehouse.ducklake',
      shape: 'rectangle',
      color: 'foundation-blue',
      style: {
        opacity: 15,
        size: 'md',
      },
      description: {
        txt: 'A lakehouse format built on SQL.',
      },
      tags: [],
      links: [
        {
          url: 'https://ducklake.select',
        },
      ],
      kind: 'system',
      depth: 1,
      navigateTo: 'view_1d1g9cv',
      x: 858,
      y: 437,
      width: 449,
      height: 493,
      labelBBox: {
        x: 6,
        y: 0,
        width: 66,
        height: 15,
      },
    },
    {
      id: 'srdp.lakehouse.ducklake.catalog',
      parent: 'srdp.lakehouse.ducklake',
      level: 3,
      children: [],
      inEdges: [],
      outEdges: [
        '1if2tz4',
      ],
      title: 'Catalog',
      modelRef: 'srdp.lakehouse.ducklake.catalog',
      shape: 'component',
      color: 'foundation-green',
      style: {
        opacity: 15,
        size: 'md',
      },
      description: {
        txt: 'An open table format that maintains an inventory of structured data assets, their schemas, and their relationships.',
      },
      tags: [],
      kind: 'container',
      x: 900,
      y: 497,
      width: 346,
      height: 180,
      labelBBox: {
        x: 38,
        y: 47,
        width: 271,
        height: 83,
      },
      navigateTo: null,
      links: null,
    },
    {
      id: 'srdp.lakehouse.ducklake.storage',
      parent: 'srdp.lakehouse.ducklake',
      level: 3,
      children: [],
      inEdges: [
        '1if2tz4',
      ],
      outEdges: [],
      title: 'Storage',
      modelRef: 'srdp.lakehouse.ducklake.storage',
      shape: 'component',
      color: 'foundation-green',
      style: {
        opacity: 15,
        size: 'md',
      },
      description: {
        txt: 'S3 compatible, scalable and cost-effective storage for storing large volumes of data in its open file formats.',
      },
      tags: [],
      kind: 'container',
      x: 901,
      y: 708,
      width: 364,
      height: 180,
      labelBBox: {
        x: 38,
        y: 47,
        width: 288,
        height: 83,
      },
      navigateTo: null,
      links: null,
    },
    {
      id: 'observability.monitoring',
      parent: 'observability',
      level: 1,
      children: [],
      inEdges: [],
      outEdges: [],
      title: 'Monitoring',
      modelRef: 'observability.monitoring',
      shape: 'component',
      color: 'foundation-green',
      style: {
        opacity: 15,
        size: 'md',
      },
      description: {
        txt: 'Collects and manages logs from various components of the data platform, providing insights into system behavior and aiding in troubleshooting.',
      },
      tags: [],
      links: [
        {
          url: 'https://prometheus.io/',
          title: 'Prometheus as preferred open source monitoring solution.',
        },
      ],
      kind: 'container',
      x: 1238,
      y: 1206,
      width: 364,
      height: 180,
      labelBBox: {
        x: 38,
        y: 38,
        width: 288,
        height: 101,
      },
      navigateTo: null,
    },
    {
      id: 'observability.data-lineage.ui',
      parent: 'observability.data-lineage',
      level: 2,
      children: [],
      inEdges: [],
      outEdges: [],
      title: 'Web UI',
      modelRef: 'observability.data-lineage.ui',
      shape: 'component',
      color: 'foundation-green',
      style: {
        opacity: 15,
        size: 'md',
      },
      description: {
        txt: 'Provides a user interface for visualizing data lineage, allowing users to understand the flow of data and its transformations across the platform.',
      },
      tags: [],
      links: [
        {
          url: 'https://github.com/MarquezProject/marquez/tree/main/web',
          title: 'source code',
        },
        {
          url: 'https://hub.docker.com/r/marquezproject/marquez-web',
          title: 'Docker image',
        },
      ],
      kind: 'container',
      x: 289,
      y: 1200,
      width: 361,
      height: 180,
      labelBBox: {
        x: 38,
        y: 38,
        width: 285,
        height: 101,
      },
      navigateTo: null,
    },
    {
      id: 'observability.data-lineage.api',
      parent: 'observability.data-lineage',
      level: 2,
      children: [],
      inEdges: [],
      outEdges: [],
      title: 'REST API',
      modelRef: 'observability.data-lineage.api',
      shape: 'component',
      color: 'foundation-green',
      style: {
        opacity: 15,
        size: 'md',
      },
      description: {
        txt: 'Provides an API for programmatically accessing lineage metadata, enabling integration with other tools and systems.',
      },
      tags: [],
      links: [
        {
          url: 'https://github.com/MarquezProject/marquez/tree/main/api',
          title: 'source code',
        },
        {
          url: 'https://hub.docker.com/r/marquezproject/marquez',
          title: 'Docker image',
        },
      ],
      kind: 'container',
      x: 760,
      y: 1200,
      width: 347,
      height: 180,
      labelBBox: {
        x: 38,
        y: 47,
        width: 272,
        height: 83,
      },
      navigateTo: null,
    },
    {
      id: 'services',
      parent: null,
      level: 0,
      children: [
        'services.api',
        'services.apps',
      ],
      inEdges: [],
      outEdges: [],
      title: 'Services',
      modelRef: 'services',
      shape: 'rectangle',
      color: 'foundation-blue',
      style: {
        opacity: 15,
        size: 'md',
      },
      description: {
        txt: 'Apps & services through which data products, dashboards and apps can be consumed.',
      },
      tags: [],
      kind: 'system',
      depth: 1,
      x: 1451,
      y: 3,
      width: 457,
      height: 486,
      labelBBox: {
        x: 6,
        y: 0,
        width: 60,
        height: 15,
      },
      navigateTo: null,
      links: null,
    },
    {
      id: 'services.api',
      parent: 'services',
      level: 1,
      children: [],
      inEdges: [],
      outEdges: [],
      title: 'API',
      modelRef: 'services.api',
      shape: 'component',
      color: 'foundation-green',
      style: {
        opacity: 15,
        size: 'md',
      },
      description: {
        txt: 'Provides openAPI-based read-access to the core data platform.',
      },
      tags: [],
      links: [
        {
          url: 'https://swagger.io/specification/',
          title: 'OpenAPI specification.',
        },
        {
          url: 'https://fastapi.tiangolo.com/',
          title: 'FastAPI as preferred open source framework for building APIs.',
        },
      ],
      kind: 'container',
      x: 1493,
      y: 63,
      width: 373,
      height: 180,
      labelBBox: {
        x: 38,
        y: 56,
        width: 298,
        height: 65,
      },
      navigateTo: null,
    },
    {
      id: 'services.apps',
      parent: 'services',
      level: 1,
      children: [],
      inEdges: [],
      outEdges: [],
      title: 'Apps',
      modelRef: 'services.apps',
      shape: 'component',
      color: 'foundation-green',
      style: {
        opacity: 15,
        size: 'md',
      },
      description: {
        txt: 'Applications that provide user interfaces for consuming data products, dashboards, and machine learning models.',
      },
      tags: [],
      links: [
        {
          url: 'https://shiny.posit.co/py/docs/overview.html',
          title: 'Shiny for Python as recommended open source framework for building data apps.',
        },
        {
          url: 'https://streamlit.io/',
          title: 'Streamlit as recommended open source framework for building data apps.',
        },
      ],
      kind: 'container',
      x: 1494,
      y: 267,
      width: 367,
      height: 180,
      labelBBox: {
        x: 38,
        y: 47,
        width: 292,
        height: 83,
      },
      navigateTo: null,
    },
    {
      id: 'security',
      parent: null,
      level: 0,
      children: [
        'security.proxy',
        'security.idp',
      ],
      inEdges: [],
      outEdges: [],
      title: 'Security',
      modelRef: 'security',
      shape: 'rectangle',
      color: 'foundation-blue',
      style: {
        opacity: 15,
        size: 'md',
      },
      description: {
        txt: 'Ensures the security and compliance of the data platform, implementing access controls, encryption, and auditing mechanisms to protect sensitive data and maintain regulatory compliance.',
      },
      tags: [],
      kind: 'system',
      depth: 1,
      x: 1441,
      y: 530,
      width: 474,
      height: 487,
      labelBBox: {
        x: 6,
        y: 0,
        width: 60,
        height: 15,
      },
      navigateTo: null,
      links: null,
    },
    {
      id: 'security.proxy',
      parent: 'security',
      level: 1,
      children: [],
      inEdges: [],
      outEdges: [],
      title: 'Proxy',
      modelRef: 'security.proxy',
      shape: 'component',
      color: 'foundation-green',
      style: {
        opacity: 15,
        size: 'md',
      },
      description: {
        txt: 'A reverse proxy that provides a single entry point for accessing the various components of the data platform, enforcing security policies and access controls.',
      },
      tags: [],
      links: [
        {
          url: 'https://traefik.io/traefik',
          title: 'Traefik as preferred open source reverse proxy solution.',
        },
      ],
      kind: 'container',
      x: 1488,
      y: 590,
      width: 385,
      height: 180,
      labelBBox: {
        x: 38,
        y: 38,
        width: 309,
        height: 101,
      },
      navigateTo: null,
    },
    {
      id: 'security.idp',
      parent: 'security',
      level: 1,
      children: [],
      inEdges: [],
      outEdges: [],
      title: 'Identity Provider',
      modelRef: 'security.idp',
      shape: 'component',
      color: 'foundation-green',
      style: {
        opacity: 15,
        size: 'md',
      },
      description: {
        txt: 'An identity provider that manages user authentication and authorization, integrating with the platform\'s access control mechanisms to ensure secure access to data and services.',
      },
      tags: [],
      links: [
        {
          url: 'https://zitadel.com/docs',
          title: 'Zitadel as preferred open source identity provider solution.',
        },
      ],
      kind: 'container',
      x: 1483,
      y: 795,
      width: 388,
      height: 180,
      labelBBox: {
        x: 38,
        y: 38,
        width: 313,
        height: 101,
      },
      navigateTo: null,
    },
  ],
  edges: [
    {
      id: '1if2tz4',
      source: 'srdp.lakehouse.ducklake.catalog',
      target: 'srdp.lakehouse.ducklake.storage',
      label: 'manages metadata and data files in',
      points: [
        [
          765,
          796,
        ],
        [
          865,
          796,
        ],
        [
          990,
          796,
        ],
        [
          1092,
          796,
        ],
      ],
      labelBBox: {
        x: 1078,
        y: 631,
        width: 226,
        height: 18,
      },
      parent: 'srdp.lakehouse.ducklake',
      relations: [
        '1f3d1hj',
      ],
      color: 'gray',
      line: 'dashed',
      head: 'normal',
      controlPoints: [
        {
          x: 1077,
          y: 687,
        },
      ],
      isLabelCustomized: false,
      navigateTo: null,
      tags: null,
    },
    {
      id: '108sqy6',
      source: 'srdp.orchestrator.code-location.asset',
      target: 'srdp.lakehouse',
      label: 'persisted/materialized on',
      points: [
        [
          988,
          257,
        ],
        [
          975,
          215,
        ],
      ],
      labelBBox: {
        x: 737,
        y: 699,
        width: 160,
        height: 18,
      },
      parent: 'srdp',
      relations: [
        '1rdi8ka',
      ],
      color: 'gray',
      line: 'dashed',
      head: 'normal',
      controlPoints: [
        {
          x: 737,
          y: 699,
        },
        {
          x: 764,
          y: 688,
        },
      ],
      isLabelCustomized: false,
      navigateTo: null,
      tags: null,
    },
    {
      id: 'rtrm4l',
      source: 'srdp.lakehouse.compute',
      target: 'srdp.lakehouse.ducklake',
      label: 'queries and processes data in',
      points: [
        [
          944,
          758,
        ],
        [
          946,
          720,
        ],
      ],
      labelBBox: {
        x: 1084,
        y: 347,
        width: 191,
        height: 18,
      },
      parent: 'srdp.lakehouse',
      relations: [
        '14gdc5d',
      ],
      color: 'gray',
      line: 'dashed',
      head: 'normal',
      controlPoints: [
        {
          x: 1084,
          y: 347,
        },
        {
          x: 1083,
          y: 362,
        },
      ],
      isLabelCustomized: false,
      navigateTo: null,
      tags: null,
    },
    {
      id: 't8m9ed',
      source: 'observability.data-lineage',
      target: 'srdp.lakehouse',
      label: 'receives lineage metadata from',
      points: [
        [
          1372,
          549,
        ],
        [
          1289,
          583,
        ],
      ],
      labelBBox: {
        x: 825,
        y: 1033,
        width: 199,
        height: 18,
      },
      parent: null,
      relations: [
        '1y5v09h',
      ],
      color: 'gray',
      line: 'dashed',
      head: 'normal',
      controlPoints: [
        {
          x: 825,
          y: 1033,
        },
        {
          x: 860,
          y: 970,
        },
      ],
      isLabelCustomized: false,
      navigateTo: null,
      tags: null,
    },
    {
      id: 'sblpi4',
      source: 'observability.data-lineage',
      target: 'srdp.orchestrator',
      label: 'receives lineage metadata from',
      points: [
        [
          1656,
          504,
        ],
        [
          1611,
          578,
        ],
        [
          1545,
          685,
        ],
        [
          1498,
          762,
        ],
      ],
      labelBBox: {
        x: 644,
        y: 1071,
        width: 199,
        height: 18,
      },
      parent: null,
      relations: [
        'd8c9dp',
      ],
      color: 'gray',
      line: 'dashed',
      head: 'normal',
      controlPoints: [
        {
          x: 644,
          y: 1071,
        },
        {
          x: 635,
          y: 1037,
        },
      ],
      isLabelCustomized: false,
      navigateTo: null,
      tags: null,
    },
  ],
  _layout: 'manual',
}
