{
  _type: 'deployment',
  tags: null,
  links: null,
  _stage: 'layouted',
  sourcePath: 'src/deployment/deployment.views.c4',
  description: {
    txt: 'Overview of SEIN data platform on UbiOps.',
  },
  title: 'SEIN dataplatform overview',
  id: 'sein',
  autoLayout: {
    direction: 'TB',
  },
  hash: 'EnReJzMOoLsQL8OGe6e5f3SuRSjZAmg1C0SHpNCwbVY',
  bounds: {
    x: -1009,
    y: -442,
    width: 3499,
    height: 2037,
  },
  nodes: [
    {
      id: 'intermax',
      parent: null,
      level: 0,
      children: [
        'intermax.security-vm',
        'intermax.shared',
        'intermax.hix',
        'intermax.shared-s3',
        'intermax.postgresql',
      ],
      inEdges: [
        '1b0ou9o',
        '1bnvadf',
      ],
      outEdges: [
        '1ui6o3d',
        '8u4ux5',
      ],
      deploymentRef: 'intermax',
      title: 'Intermax',
      kind: 'zone',
      color: 'primary',
      shape: 'rectangle',
      description: {
        txt: 'hosting provider',
      },
      tags: [],
      style: {
        opacity: 15,
        size: 'md',
      },
      depth: 5,
      x: -288,
      y: -422,
      width: 2758,
      height: 1997,
      labelBBox: {
        x: 6,
        y: 0,
        width: 61,
        height: 15,
      },
      navigateTo: null,
      links: null,
    },
    {
      id: 'intermax.security-vm',
      parent: 'intermax',
      level: 1,
      children: [
        'intermax.security-vm.zitadel',
        'intermax.security-vm.traefik',
        'intermax.security-vm.oauth2-proxy',
      ],
      inEdges: [
        '1b0ou9o',
      ],
      outEdges: [
        '1jhaykp',
        '14tcg9d',
      ],
      deploymentRef: 'intermax.security-vm',
      title: 'Virtual machine for ZTA',
      kind: 'vm',
      color: 'primary',
      shape: 'rectangle',
      tags: [],
      style: {
        opacity: 15,
        size: 'md',
      },
      depth: 1,
      x: -160,
      y: -362,
      width: 1538,
      height: 289,
      labelBBox: {
        x: 6,
        y: -1,
        width: 157,
        height: 15,
      },
      navigateTo: null,
      links: null,
    },
    {
      id: 'intermax.shared',
      parent: 'intermax',
      level: 1,
      children: [
        'intermax.shared.ubiops',
      ],
      inEdges: [
        '1jhaykp',
        '1bnvadf',
        'z2u5pd',
      ],
      outEdges: [
        '57oz14',
        '14jjpz9',
        '1frjvf4',
        '1s1op2p',
        '1v4g8iz',
        '14kcbsx',
        '1ui6o3d',
        '8u4ux5',
      ],
      deploymentRef: 'intermax.shared',
      title: 'shared',
      kind: 'kubernetes',
      color: 'foundation-blue',
      shape: 'rectangle',
      icon: 'tech:kubernetes',
      tags: [],
      style: {
        opacity: 15,
        size: 'md',
        multiple: true,
      },
      depth: 4,
      x: -246,
      y: 402,
      width: 2674,
      height: 866,
      labelBBox: {
        x: 6,
        y: 0,
        width: 50,
        height: 15,
      },
      navigateTo: null,
      links: null,
    },
    {
      id: 'intermax.shared.ubiops',
      parent: 'intermax.shared',
      level: 2,
      children: [
        'intermax.shared.ubiops.sein-omop-dev',
        'intermax.shared.ubiops.another-project',
      ],
      inEdges: [
        '1jhaykp',
        '1bnvadf',
        'z2u5pd',
      ],
      outEdges: [
        '57oz14',
        '14jjpz9',
        '1frjvf4',
        '1s1op2p',
        '1v4g8iz',
        '14kcbsx',
        '1ui6o3d',
        '8u4ux5',
      ],
      deploymentRef: 'intermax.shared.ubiops',
      title: 'ubiops',
      kind: 'environment',
      color: 'primary',
      shape: 'rectangle',
      tags: [],
      style: {
        opacity: 15,
        size: 'md',
      },
      depth: 3,
      x: -204,
      y: 462,
      width: 2590,
      height: 764,
      labelBBox: {
        x: 6,
        y: 0,
        width: 46,
        height: 15,
      },
      navigateTo: null,
      links: null,
    },
    {
      id: 'intermax.shared.ubiops.sein-omop-dev',
      parent: 'intermax.shared.ubiops',
      level: 3,
      children: [
        'intermax.shared.ubiops.sein-omop-dev.default-storage',
        'intermax.shared.ubiops.sein-omop-dev.medication-dashboard',
        'intermax.shared.ubiops.sein-omop-dev.qol-dashboard',
        'intermax.shared.ubiops.sein-omop-dev.patient-timeline',
        'intermax.shared.ubiops.sein-omop-dev.dagster',
        'intermax.shared.ubiops.sein-omop-dev.compute',
      ],
      inEdges: [
        '1bnvadf',
        'z2u5pd',
      ],
      outEdges: [
        '57oz14',
        '14jjpz9',
        '1s1op2p',
        '1v4g8iz',
        '14kcbsx',
        '1ui6o3d',
        '8u4ux5',
      ],
      deploymentRef: 'intermax.shared.ubiops.sein-omop-dev',
      title: 'sein-omop-dev',
      kind: 'project',
      color: 'primary',
      shape: 'rectangle',
      description: {
        txt: 'Project in UbiOps provides abstraction layer for virtual partioning of deployments, services and storage.',
      },
      tags: [],
      style: {
        opacity: 15,
        size: 'md',
      },
      depth: 2,
      x: -162,
      y: 522,
      width: 1998,
      height: 662,
      labelBBox: {
        x: 6,
        y: 0,
        width: 93,
        height: 15,
      },
      navigateTo: null,
      links: null,
    },
    {
      id: 'intermax.shared.ubiops.sein-omop-dev.default-storage',
      parent: 'intermax.shared.ubiops.sein-omop-dev',
      level: 4,
      children: [
        'intermax.shared.ubiops.sein-omop-dev.default-storage.ducklake-storage',
      ],
      inEdges: [
        'z2u5pd',
      ],
      outEdges: [
        '14kcbsx',
      ],
      deploymentRef: 'intermax.shared.ubiops.sein-omop-dev.default-storage',
      title: 'default storage',
      kind: 's3',
      color: 'foundation-blue',
      shape: 'bucket',
      modelRef: 'srdp.core.lakehouse.ducklake.storage',
      description: {
        txt: 'Default s3 storage of project.',
      },
      tags: [],
      style: {
        opacity: 15,
        size: 'sm',
      },
      depth: 1,
      x: 414,
      y: 582,
      width: 448,
      height: 282,
      labelBBox: {
        x: 6,
        y: 0,
        width: 113,
        height: 15,
      },
      navigateTo: null,
      links: null,
    },
    {
      id: 'laptop',
      parent: null,
      level: 0,
      children: [
        'laptop.vs-code',
      ],
      inEdges: [],
      outEdges: [
        '19o8dpr',
        '1b0ou9o',
        '1bnvadf',
      ],
      deploymentRef: 'laptop',
      title: 'Developer\'s laptop',
      kind: 'laptop',
      color: 'gray',
      shape: 'browser',
      modelRef: 'ide',
      tags: [],
      style: {
        opacity: 15,
        size: 'md',
      },
      depth: 1,
      x: -979,
      y: -347,
      width: 547,
      height: 282,
      labelBBox: {
        x: 6,
        y: 0,
        width: 129,
        height: 15,
      },
      navigateTo: null,
      links: null,
    },
    {
      id: 'intermax.shared.ubiops.another-project',
      parent: 'intermax.shared.ubiops',
      level: 3,
      children: [
        'intermax.shared.ubiops.another-project.default-storage',
        'intermax.shared.ubiops.another-project.another-app',
      ],
      inEdges: [],
      outEdges: [
        '1frjvf4',
      ],
      deploymentRef: 'intermax.shared.ubiops.another-project',
      title: 'another-project',
      kind: 'project',
      color: 'primary',
      shape: 'rectangle',
      description: {
        txt: 'Project in UbiOps provides abstraction layer for virtual partioning of deployments, services and storage.',
      },
      tags: [],
      style: {
        opacity: 15,
        size: 'md',
      },
      depth: 1,
      x: 1890,
      y: 530,
      width: 454,
      height: 650,
      labelBBox: {
        x: 6,
        y: 0,
        width: 114,
        height: 15,
      },
      navigateTo: null,
      links: null,
    },
    {
      id: 'laptop.vs-code',
      parent: 'laptop',
      level: 1,
      children: [],
      inEdges: [],
      outEdges: [
        '1bnvadf',
      ],
      kind: 'instance',
      title: 'Integrated Development Environment (IDE)',
      description: {
        txt: 'Comprehensive central interface for programmers to write, build, test, and debug code.',
      },
      tags: [],
      color: 'foundation-green',
      shape: 'component',
      style: {
        opacity: 15,
        size: 'md',
      },
      deploymentRef: 'laptop.vs-code',
      modelRef: 'ide',
      x: -937,
      y: -287,
      width: 463,
      height: 180,
      labelBBox: {
        x: 38,
        y: 47,
        width: 388,
        height: 83,
      },
      navigateTo: null,
      links: null,
    },
    {
      id: 'intermax.security-vm.zitadel',
      parent: 'intermax.security-vm',
      level: 2,
      children: [],
      inEdges: [],
      outEdges: [
        '1afeov7',
        '14tcg9d',
      ],
      kind: 'instance',
      title: 'Zitadel',
      description: {
        txt: 'An identity provider that manages user authentication and authorization, integrating with the platform\'s access control mechanisms to ensure secure access to data and services.',
      },
      tags: [],
      links: [
        {
          url: 'https://zitadel.com/docs',
          title: 'Zitadel as preferred open source identity provider solution.',
        },
      ],
      color: 'foundation-green',
      shape: 'component',
      style: {
        opacity: 15,
        size: 'md',
      },
      deploymentRef: 'intermax.security-vm.zitadel',
      modelRef: 'srdp.security.idp',
      x: 948,
      y: -295,
      width: 388,
      height: 180,
      labelBBox: {
        x: 38,
        y: 38,
        width: 313,
        height: 101,
      },
      navigateTo: null,
    },
    {
      id: 'intermax.hix',
      parent: 'intermax',
      level: 1,
      children: [],
      inEdges: [
        '14jjpz9',
      ],
      outEdges: [],
      deploymentRef: 'intermax.hix',
      title: 'HiX logship replica',
      kind: 'db',
      color: 'primary',
      shape: 'storage',
      tags: [],
      style: {
        opacity: 15,
        size: 'md',
      },
      x: -57,
      y: 1353,
      width: 320,
      height: 180,
      labelBBox: {
        x: 75,
        y: 76,
        width: 170,
        height: 24,
      },
      navigateTo: null,
      links: null,
    },
    {
      id: 'intermax.shared.ubiops.sein-omop-dev.medication-dashboard',
      parent: 'intermax.shared.ubiops.sein-omop-dev',
      level: 4,
      children: [],
      inEdges: [],
      outEdges: [],
      deploymentRef: 'intermax.shared.ubiops.sein-omop-dev.medication-dashboard',
      title: 'Medication dashboard',
      kind: 'deployment',
      links: [
        {
          url: 'https://ubiops.com/docs/deployments/',
          title: 'UbiOps documentation',
        },
      ],
      color: 'foundation-green',
      shape: 'component',
      modelRef: 'srdp.services.apps',
      description: {
        txt: 'Deployments are objects within UbiOps that serve your code to process data.',
      },
      tags: [],
      style: {
        opacity: 15,
        size: 'md',
      },
      technology: null,
      notation: null,
      x: 983,
      y: 660,
      width: 370,
      height: 180,
      labelBBox: {
        x: 38,
        y: 56,
        width: 295,
        height: 65,
      },
      navigateTo: null,
    },
    {
      id: 'intermax.shared.ubiops.sein-omop-dev.qol-dashboard',
      parent: 'intermax.shared.ubiops.sein-omop-dev',
      level: 4,
      children: [],
      inEdges: [],
      outEdges: [],
      deploymentRef: 'intermax.shared.ubiops.sein-omop-dev.qol-dashboard',
      title: 'QoL dashboard',
      kind: 'deployment',
      links: [
        {
          url: 'https://ubiops.com/docs/deployments/',
          title: 'UbiOps documentation',
        },
      ],
      color: 'foundation-green',
      shape: 'component',
      modelRef: 'srdp.services.apps',
      description: {
        txt: 'Deployments are objects within UbiOps that serve your code to process data.',
      },
      tags: [],
      style: {
        opacity: 15,
        size: 'md',
      },
      technology: null,
      notation: null,
      x: 1163,
      y: 888,
      width: 370,
      height: 180,
      labelBBox: {
        x: 38,
        y: 56,
        width: 295,
        height: 65,
      },
      navigateTo: null,
    },
    {
      id: 'intermax.shared.ubiops.sein-omop-dev.patient-timeline',
      parent: 'intermax.shared.ubiops.sein-omop-dev',
      level: 4,
      children: [],
      inEdges: [],
      outEdges: [],
      deploymentRef: 'intermax.shared.ubiops.sein-omop-dev.patient-timeline',
      title: 'Patient timeline dashboard',
      kind: 'deployment',
      links: [
        {
          url: 'https://ubiops.com/docs/deployments/',
          title: 'UbiOps documentation',
        },
      ],
      color: 'foundation-green',
      shape: 'component',
      modelRef: 'srdp.services.apps',
      description: {
        txt: 'Deployments are objects within UbiOps that serve your code to process data.',
      },
      tags: [],
      style: {
        opacity: 15,
        size: 'md',
      },
      technology: null,
      notation: null,
      x: 1424,
      y: 658,
      width: 370,
      height: 180,
      labelBBox: {
        x: 38,
        y: 56,
        width: 295,
        height: 65,
      },
      navigateTo: null,
    },
    {
      id: 'intermax.shared.ubiops.sein-omop-dev.default-storage.ducklake-storage',
      parent: 'intermax.shared.ubiops.sein-omop-dev.default-storage',
      level: 5,
      children: [],
      inEdges: [
        'z2u5pd',
      ],
      outEdges: [
        '14kcbsx',
      ],
      kind: 'instance',
      title: 'DuckLake storage',
      description: {
        txt: 'S3 compatible, scalable and cost-effective storage for storing large volumes of data in its open file formats.',
      },
      tags: [],
      color: 'foundation-green',
      shape: 'component',
      style: {
        opacity: 15,
        size: 'md',
      },
      deploymentRef: 'intermax.shared.ubiops.sein-omop-dev.default-storage.ducklake-storage',
      modelRef: 'srdp.core.lakehouse.ducklake.storage',
      x: 456,
      y: 642,
      width: 364,
      height: 180,
      labelBBox: {
        x: 38,
        y: 47,
        width: 288,
        height: 83,
      },
      navigateTo: null,
      links: null,
    },
    {
      id: 'intermax.security-vm.traefik',
      parent: 'intermax.security-vm',
      level: 2,
      children: [],
      inEdges: [
        '1b0ou9o',
      ],
      outEdges: [
        'u1ozv2',
      ],
      kind: 'instance',
      title: 'Traefik',
      description: {
        txt: 'A reverse proxy that provides a single entry point for accessing the various components of the data platform, enforcing security policies and access controls.',
      },
      tags: [],
      links: [
        {
          url: 'https://traefik.io/traefik',
          title: 'Traefik as preferred open source reverse proxy solution.',
        },
      ],
      color: 'foundation-green',
      shape: 'component',
      style: {
        opacity: 15,
        size: 'md',
      },
      deploymentRef: 'intermax.security-vm.traefik',
      modelRef: 'srdp.security.reverse-proxy',
      x: -118,
      y: -302,
      width: 385,
      height: 180,
      labelBBox: {
        x: 38,
        y: 38,
        width: 309,
        height: 101,
      },
      navigateTo: null,
    },
    {
      id: 'intermax.shared-s3',
      parent: 'intermax',
      level: 1,
      children: [],
      inEdges: [
        '57oz14',
        '1frjvf4',
      ],
      outEdges: [],
      deploymentRef: 'intermax.shared-s3',
      title: 'Shared s3 storage for large media files',
      kind: 's3',
      color: 'foundation-blue',
      shape: 'bucket',
      tags: [],
      style: {
        opacity: 15,
        size: 'sm',
      },
      x: 820,
      y: 1395,
      width: 240,
      height: 135,
      labelBBox: {
        x: 21,
        y: 57,
        width: 198,
        height: 20,
      },
      navigateTo: null,
      links: null,
    },
    {
      id: 'intermax.shared.ubiops.sein-omop-dev.dagster',
      parent: 'intermax.shared.ubiops.sein-omop-dev',
      level: 4,
      children: [
        'intermax.shared.ubiops.sein-omop-dev.dagster.dagster-ui',
        'intermax.shared.ubiops.sein-omop-dev.dagster.dagster-daemon',
      ],
      inEdges: [
        '1bnvadf',
      ],
      outEdges: [
        '6nuor',
        '1s1op2p',
        '1ui6o3d',
        '8u4ux5',
      ],
      deploymentRef: 'intermax.shared.ubiops.sein-omop-dev.dagster',
      title: 'Dagster',
      kind: 'deployment',
      links: [
        {
          url: 'https://ubiops.com/docs/deployments/',
          title: 'UbiOps documentation',
        },
      ],
      color: 'primary',
      shape: 'rectangle',
      description: {
        txt: 'Deployments are objects within UbiOps that serve your code to process data.',
      },
      tags: [],
      style: {
        opacity: 15,
        size: 'md',
      },
      depth: 1,
      x: -120,
      y: 586,
      width: 454,
      height: 556,
      labelBBox: {
        x: 6,
        y: -1,
        width: 58,
        height: 15,
      },
      navigateTo: null,
    },
    {
      id: 'intermax.security-vm.oauth2-proxy',
      parent: 'intermax.security-vm',
      level: 2,
      children: [],
      inEdges: [
        '1afeov7',
        'u1ozv2',
      ],
      outEdges: [],
      kind: 'instance',
      title: 'Oauth2 Proxy',
      description: {
        txt: 'Authentication middleware that forwards to external identity providers',
      },
      tags: [],
      links: [
        {
          url: 'https://oauth2-proxy.github.io/oauth2-proxy/',
          title: 'OAuth2 Proxy as the preferred open source forwarding authenication service.',
        },
      ],
      color: 'foundation-green',
      shape: 'component',
      style: {
        opacity: 15,
        size: 'md',
      },
      deploymentRef: 'intermax.security-vm.oauth2-proxy',
      modelRef: 'srdp.security.forward-auth',
      x: 420,
      y: -297,
      width: 363,
      height: 180,
      labelBBox: {
        x: 38,
        y: 56,
        width: 287,
        height: 65,
      },
      navigateTo: null,
    },
    {
      id: 'intermax.shared.ubiops.sein-omop-dev.dagster.dagster-ui',
      parent: 'intermax.shared.ubiops.sein-omop-dev.dagster',
      level: 5,
      children: [],
      inEdges: [],
      outEdges: [
        'rgw9yk',
        '1ui6o3d',
      ],
      kind: 'instance',
      title: 'Dagster webserver',
      description: {
        txt: 'Provides a user interface for monitoring and managing data pipelines, allowing users to visualize the status of their workflows and troubleshoot any issues that arise.',
      },
      tags: [],
      color: 'foundation-green',
      shape: 'component',
      style: {
        opacity: 15,
        size: 'md',
      },
      deploymentRef: 'intermax.shared.ubiops.sein-omop-dev.dagster.dagster-ui',
      modelRef: 'srdp.core.orchestrator.ui',
      x: -78,
      y: 646,
      width: 370,
      height: 180,
      labelBBox: {
        x: 38,
        y: 38,
        width: 295,
        height: 101,
      },
      navigateTo: null,
      links: null,
    },
    {
      id: 'intermax.shared.ubiops.sein-omop-dev.compute',
      parent: 'intermax.shared.ubiops.sein-omop-dev',
      level: 4,
      children: [],
      inEdges: [
        '6nuor',
      ],
      outEdges: [
        '1v4g8iz',
      ],
      deploymentRef: 'intermax.shared.ubiops.sein-omop-dev.compute',
      title: 'ephemeral compute',
      kind: 'deployment',
      links: [
        {
          url: 'https://ubiops.com/docs/deployments/',
          title: 'UbiOps documentation',
        },
      ],
      color: 'foundation-green',
      shape: 'component',
      modelRef: 'srdp.core.lakehouse.compute',
      description: {
        txt: 'UbiOps deployment for running compute jobs.',
      },
      tags: [],
      style: {
        opacity: 15,
        size: 'md',
      },
      technology: null,
      notation: null,
      x: 440,
      y: 934,
      width: 385,
      height: 180,
      labelBBox: {
        x: 38,
        y: 65,
        width: 309,
        height: 47,
      },
      navigateTo: null,
    },
    {
      id: 'intermax.shared.ubiops.another-project.default-storage',
      parent: 'intermax.shared.ubiops.another-project',
      level: 4,
      children: [],
      inEdges: [],
      outEdges: [],
      deploymentRef: 'intermax.shared.ubiops.another-project.default-storage',
      title: 'default storage',
      kind: 's3',
      color: 'foundation-blue',
      shape: 'bucket',
      tags: [],
      style: {
        opacity: 15,
        size: 'sm',
      },
      x: 2004,
      y: 1003,
      width: 240,
      height: 135,
      labelBBox: {
        x: 65,
        y: 57,
        width: 110,
        height: 20,
      },
      navigateTo: null,
      links: null,
    },
    {
      id: 'intermax.shared.ubiops.another-project.another-app',
      parent: 'intermax.shared.ubiops.another-project',
      level: 4,
      children: [],
      inEdges: [],
      outEdges: [],
      deploymentRef: 'intermax.shared.ubiops.another-project.another-app',
      title: 'Another app',
      kind: 'deployment',
      links: [
        {
          url: 'https://ubiops.com/docs/deployments/',
          title: 'UbiOps documentation',
        },
      ],
      color: 'foundation-green',
      shape: 'component',
      modelRef: 'srdp.services.apps',
      description: {
        txt: 'Deployments are objects within UbiOps that serve your code to process data.',
      },
      tags: [],
      style: {
        opacity: 15,
        size: 'md',
      },
      technology: null,
      notation: null,
      x: 1932,
      y: 590,
      width: 370,
      height: 180,
      labelBBox: {
        x: 38,
        y: 56,
        width: 295,
        height: 65,
      },
      navigateTo: null,
    },
    {
      id: 'intermax.postgresql',
      parent: 'intermax',
      level: 1,
      children: [
        'intermax.postgresql.dagster-db',
        'intermax.postgresql.zitadel-db',
        'intermax.postgresql.ducklake-catalog',
      ],
      inEdges: [
        '14tcg9d',
        '1s1op2p',
        '1v4g8iz',
        '14kcbsx',
      ],
      outEdges: [
        'z2u5pd',
      ],
      deploymentRef: 'intermax.postgresql',
      title: 'postgresql',
      kind: 'db',
      color: 'primary',
      shape: 'storage',
      icon: 'https://icons.terrastruct.com/dev%2Fpostgresql.svg',
      tags: [],
      style: {
        opacity: 15,
        size: 'md',
      },
      depth: 1,
      x: 357,
      y: -23,
      width: 1399,
      height: 287,
      labelBBox: {
        x: 6,
        y: -1,
        width: 80,
        height: 15,
      },
      navigateTo: null,
      links: null,
    },
    {
      id: 'intermax.postgresql.dagster-db',
      parent: 'intermax.postgresql',
      level: 2,
      children: [],
      inEdges: [
        '1s1op2p',
      ],
      outEdges: [],
      deploymentRef: 'intermax.postgresql.dagster-db',
      title: 'Dagster metadata',
      kind: 'db-namespace',
      color: 'foundation-blue',
      shape: 'storage',
      tags: [],
      style: {
        opacity: 15,
        size: 'md',
      },
      x: 399,
      y: 42,
      width: 320,
      height: 180,
      labelBBox: {
        x: 79,
        y: 76,
        width: 163,
        height: 24,
      },
      navigateTo: null,
      links: null,
    },
    {
      id: 'intermax.shared.ubiops.sein-omop-dev.dagster.dagster-daemon',
      parent: 'intermax.shared.ubiops.sein-omop-dev.dagster',
      level: 5,
      children: [],
      inEdges: [
        'rgw9yk',
      ],
      outEdges: [
        '8u4ux5',
      ],
      kind: 'instance',
      title: 'Dagster daemon',
      description: {
        txt: 'long-running process for creating job runs',
      },
      tags: [],
      color: 'foundation-green',
      shape: 'component',
      style: {
        opacity: 15,
        size: 'md',
      },
      deploymentRef: 'intermax.shared.ubiops.sein-omop-dev.dagster.dagster-daemon',
      modelRef: 'srdp.core.orchestrator.daemon',
      x: -71,
      y: 920,
      width: 356,
      height: 180,
      labelBBox: {
        x: 38,
        y: 65,
        width: 281,
        height: 47,
      },
      navigateTo: null,
      links: null,
    },
    {
      id: 'github',
      parent: null,
      level: 0,
      children: [
        'github.sein-omop',
      ],
      inEdges: [
        '19o8dpr',
        '1ui6o3d',
        '8u4ux5',
      ],
      outEdges: [],
      deploymentRef: 'github',
      title: 'GitHub',
      kind: 'github',
      color: 'primary',
      shape: 'rectangle',
      modelRef: 'srdp.core.orchestrator.code-location',
      icon: 'tech:github',
      tags: [],
      style: {
        opacity: 15,
        size: 'md',
      },
      depth: 1,
      x: -989,
      y: 692,
      width: 419,
      height: 282,
      labelBBox: {
        x: 6,
        y: 0,
        width: 46,
        height: 15,
      },
      navigateTo: null,
      links: null,
    },
    {
      id: 'intermax.postgresql.zitadel-db',
      parent: 'intermax.postgresql',
      level: 2,
      children: [],
      inEdges: [
        '14tcg9d',
      ],
      outEdges: [],
      deploymentRef: 'intermax.postgresql.zitadel-db',
      title: 'Zitadel backend',
      kind: 'db-namespace',
      color: 'foundation-blue',
      shape: 'storage',
      tags: [],
      style: {
        opacity: 15,
        size: 'md',
      },
      x: 1394,
      y: 37,
      width: 320,
      height: 180,
      labelBBox: {
        x: 87,
        y: 76,
        width: 145,
        height: 24,
      },
      navigateTo: null,
      links: null,
    },
    {
      id: 'intermax.postgresql.ducklake-catalog',
      parent: 'intermax.postgresql',
      level: 2,
      children: [],
      inEdges: [
        '1v4g8iz',
        '14kcbsx',
      ],
      outEdges: [
        'z2u5pd',
      ],
      deploymentRef: 'intermax.postgresql.ducklake-catalog',
      title: 'DuckLake catalog',
      kind: 'db-namespace',
      color: 'foundation-blue',
      shape: 'storage',
      modelRef: 'srdp.core.lakehouse.ducklake.catalog',
      tags: [],
      style: {
        opacity: 15,
        size: 'md',
      },
      description: {
        txt: 'An open table format that maintains an inventory of structured data assets, their schemas, and their relationships.',
      },
      technology: null,
      x: 891,
      y: 39,
      width: 320,
      height: 180,
      labelBBox: {
        x: 25,
        y: 47,
        width: 271,
        height: 83,
      },
      navigateTo: null,
      links: null,
    },
    {
      id: 'github.sein-omop',
      parent: 'github',
      level: 1,
      children: [],
      inEdges: [
        '1ui6o3d',
        '8u4ux5',
      ],
      outEdges: [],
      kind: 'instance',
      title: 'SEIN-OMOP codebase',
      description: {
        txt: 'Collection of entity definitions (assets, jobs etc.) deployed in a specific environment',
      },
      tags: [],
      color: 'indigo',
      shape: 'rectangle',
      style: {
        opacity: 15,
        size: 'md',
      },
      deploymentRef: 'github.sein-omop',
      modelRef: 'srdp.core.orchestrator.code-location',
      x: -947,
      y: 752,
      width: 335,
      height: 180,
      labelBBox: {
        x: 18,
        y: 56,
        width: 299,
        height: 65,
      },
      navigateTo: null,
      links: null,
    },
  ],
  edges: [
    {
      id: '1afeov7',
      source: 'intermax.security-vm.zitadel',
      target: 'intermax.security-vm.oauth2-proxy',
      label: 'provides authentication via',
      points: [
        [
          526,
          -134,
        ],
        [
          526,
          -86,
        ],
        [
          526,
          -27,
        ],
        [
          526,
          23,
        ],
      ],
      labelBBox: {
        x: 894,
        y: -203,
        width: 170,
        height: 18,
      },
      parent: 'intermax.security-vm',
      relations: [
        '196eqjw',
      ],
      color: 'gray',
      line: 'dashed',
      head: 'normal',
      controlPoints: [
        {
          x: 877,
          y: -203,
        },
      ],
      isLabelCustomized: false,
      navigateTo: null,
      tags: null,
    },
    {
      id: 'u1ozv2',
      source: 'intermax.security-vm.traefik',
      target: 'intermax.security-vm.oauth2-proxy',
      label: 'forwards authentication check to',
      points: [
        [
          910,
          -134,
        ],
        [
          836,
          -85,
        ],
        [
          743,
          -23,
        ],
        [
          668,
          27,
        ],
      ],
      labelBBox: {
        x: 313,
        y: -209,
        width: 205,
        height: 18,
      },
      parent: 'intermax.security-vm',
      relations: [
        '1rt4jip',
      ],
      color: 'gray',
      line: 'dashed',
      head: 'normal',
      controlPoints: [
        {
          x: 453,
          y: -206,
        },
      ],
      isLabelCustomized: false,
      navigateTo: null,
      tags: null,
    },
    {
      id: 'rgw9yk',
      source: 'intermax.shared.ubiops.sein-omop-dev.dagster.dagster-ui',
      target: 'intermax.shared.ubiops.sein-omop-dev.dagster.dagster-daemon',
      label: 'manually triggers',
      points: [
        [
          107,
          826,
        ],
        [
          107,
          874,
        ],
        [
          107,
          933,
        ],
        [
          107,
          983,
        ],
      ],
      labelBBox: {
        x: 108,
        y: 859,
        width: 111,
        height: 18,
      },
      parent: 'intermax.shared.ubiops.sein-omop-dev.dagster',
      relations: [
        'mie3az',
      ],
      color: 'gray',
      line: 'dashed',
      head: 'normal',
      controlPoints: [
        {
          x: 107,
          y: 867,
        },
      ],
      isLabelCustomized: false,
      navigateTo: null,
      tags: null,
    },
    {
      id: '14tcg9d',
      source: 'intermax.security-vm.zitadel',
      target: 'intermax.postgresql.zitadel-db',
      label: 'stores data in',
      points: [
        [
          1707,
          341,
        ],
        [
          1793,
          578,
        ],
      ],
      labelBBox: {
        x: 1308,
        y: -65,
        width: 88,
        height: 18,
      },
      parent: 'intermax',
      relations: [
        '10wzp99',
      ],
      color: 'gray',
      line: 'dashed',
      head: 'normal',
      controlPoints: [
        {
          x: 1308,
          y: -65,
        },
        {
          x: 1380,
          y: -6,
        },
      ],
      isLabelCustomized: false,
      navigateTo: null,
      tags: null,
    },
    {
      id: '1v4g8iz',
      source: 'intermax.shared.ubiops.sein-omop-dev.compute',
      target: 'intermax.postgresql.ducklake-catalog',
      label: 'reads and writes via',
      points: [
        [
          1136,
          598,
        ],
        [
          1147,
          471,
        ],
      ],
      labelBBox: {
        x: 895,
        y: 593,
        width: 129,
        height: 18,
      },
      parent: 'intermax',
      relations: [
        '1ovualc',
      ],
      color: 'gray',
      line: 'dashed',
      head: 'normal',
      controlPoints: [
        {
          x: 874,
          y: 633,
        },
        {
          x: 1059,
          y: 205,
        },
      ],
      isLabelCustomized: false,
      navigateTo: null,
      tags: null,
    },
    {
      id: '14kcbsx',
      source: 'intermax.shared.ubiops.sein-omop-dev.default-storage.ducklake-storage',
      target: 'intermax.postgresql.ducklake-catalog',
      label: 'stores catalog data in',
      points: [
        [
          1873,
          1141,
        ],
        [
          1661,
          832,
        ],
      ],
      labelBBox: {
        x: 806,
        y: 483,
        width: 137,
        height: 18,
      },
      parent: 'intermax',
      relations: [
        'wkru0z',
      ],
      color: 'gray',
      line: 'dashed',
      head: 'normal',
      controlPoints: [
        {
          x: 806,
          y: 483,
        },
        {
          x: 881,
          y: 376,
        },
      ],
      isLabelCustomized: false,
      navigateTo: null,
      tags: null,
    },
    {
      id: 'z2u5pd',
      source: 'intermax.postgresql.ducklake-catalog',
      target: 'intermax.shared.ubiops.sein-omop-dev.default-storage.ducklake-storage',
      label: 'manages metadata and data files in',
      points: [
        [
          1661,
          832,
        ],
        [
          1873,
          1141,
        ],
      ],
      labelBBox: {
        x: 881,
        y: 376,
        width: 226,
        height: 18,
      },
      parent: 'intermax',
      relations: [
        'u6bpt9',
      ],
      color: 'gray',
      line: 'dashed',
      head: 'normal',
      controlPoints: [
        {
          x: 881,
          y: 376,
        },
        {
          x: 806,
          y: 483,
        },
      ],
      isLabelCustomized: false,
      navigateTo: null,
      tags: null,
    },
    {
      id: '1ui6o3d',
      source: 'intermax.shared.ubiops.sein-omop-dev.dagster.dagster-ui',
      target: 'github.sein-omop',
      label: 'loads definitions from',
      points: [
        [
          946,
          477,
        ],
        [
          394,
          385,
        ],
      ],
      labelBBox: {
        x: -264,
        y: 780,
        width: 136,
        height: 18,
      },
      parent: null,
      relations: [
        '1bo6zij',
      ],
      color: 'gray',
      line: 'dashed',
      head: 'normal',
      controlPoints: [
        {
          x: -264,
          y: 780,
        },
        {
          x: -421,
          y: 798,
        },
      ],
      isLabelCustomized: false,
      navigateTo: null,
      tags: null,
    },
    {
      id: '8u4ux5',
      source: 'intermax.shared.ubiops.sein-omop-dev.dagster.dagster-daemon',
      target: 'github.sein-omop',
      label: 'manages runs from',
      points: [
        [
          950,
          681,
        ],
        [
          397,
          528,
        ],
      ],
      labelBBox: {
        x: -261,
        y: 939,
        width: 125,
        height: 18,
      },
      parent: null,
      relations: [
        'sx73g9',
      ],
      color: 'gray',
      line: 'dashed',
      head: 'normal',
      controlPoints: [
        {
          x: -261,
          y: 939,
        },
        {
          x: -418,
          y: 909,
        },
      ],
      isLabelCustomized: false,
      navigateTo: null,
      tags: null,
    },
    {
      id: '19o8dpr',
      source: 'laptop',
      target: 'github',
      label: 'GitHub workflow in',
      points: [
        [
          -1069,
          487,
        ],
        [
          -1056,
          459,
        ],
      ],
      labelBBox: {
        x: -736,
        y: 236,
        width: 121,
        height: 18,
      },
      parent: null,
      relations: [
        'nlsvey',
      ],
      color: 'gray',
      line: 'dashed',
      head: 'normal',
      controlPoints: [
        {
          x: -736,
          y: 236,
        },
        {
          x: -747,
          y: 390,
        },
      ],
      isLabelCustomized: false,
      navigateTo: null,
      tags: null,
    },
    {
      id: '1jhaykp',
      source: 'intermax.security-vm',
      target: 'intermax.shared.ubiops',
      label: 'provides ZTA for',
      points: [
        [
          959,
          81,
        ],
        [
          956,
          166,
        ],
      ],
      labelBBox: {
        x: 55,
        y: 177,
        width: 107,
        height: 18,
      },
      parent: 'intermax',
      relations: [
        'ywsssk',
      ],
      color: 'gray',
      line: 'dashed',
      head: 'normal',
      controlPoints: [
        {
          x: 37,
          y: -61,
        },
        {
          x: 66,
          y: 195,
        },
      ],
      isLabelCustomized: false,
      navigateTo: null,
      tags: null,
    },
    {
      id: '57oz14',
      source: 'intermax.shared.ubiops.sein-omop-dev',
      target: 'intermax.shared-s3',
      label: 'reads and write on',
      points: [
        [
          2208,
          1376,
        ],
        [
          2677,
          1558,
        ],
      ],
      labelBBox: {
        x: 834,
        y: 1269,
        width: 119,
        height: 18,
      },
      parent: 'intermax',
      relations: [
        's76e0r',
      ],
      color: 'gray',
      line: 'dashed',
      head: 'normal',
      controlPoints: [
        {
          x: 834,
          y: 1269,
        },
        {
          x: 857,
          y: 1311,
        },
      ],
      isLabelCustomized: false,
      navigateTo: null,
      tags: null,
    },
    {
      id: '14jjpz9',
      source: 'intermax.shared.ubiops.sein-omop-dev',
      target: 'intermax.hix',
      label: 'reads from',
      points: [
        [
          266,
          1251,
        ],
        [
          237,
          1285,
        ],
      ],
      labelBBox: {
        x: 266,
        y: 1251,
        width: 71,
        height: 18,
      },
      parent: 'intermax',
      relations: [
        '1dxtssr',
      ],
      color: 'gray',
      line: 'dashed',
      head: 'normal',
      controlPoints: [
        {
          x: 266,
          y: 1251,
        },
        {
          x: 237,
          y: 1285,
        },
      ],
      isLabelCustomized: false,
      navigateTo: null,
      tags: null,
    },
    {
      id: '1frjvf4',
      source: 'intermax.shared.ubiops.another-project',
      target: 'intermax.shared-s3',
      label: 'reads and write on',
      points: [
        [
          2502,
          1195,
        ],
        [
          2877,
          1430,
        ],
      ],
      labelBBox: {
        x: 1317,
        y: 1248,
        width: 119,
        height: 18,
      },
      parent: 'intermax',
      relations: [
        'bju20m',
      ],
      color: 'gray',
      line: 'dashed',
      head: 'normal',
      controlPoints: [
        {
          x: 1317,
          y: 1248,
        },
        {
          x: 1202,
          y: 1311,
        },
      ],
      isLabelCustomized: false,
      navigateTo: null,
      tags: null,
    },
    {
      id: '1b0ou9o',
      source: 'laptop',
      target: 'intermax.security-vm.traefik',
      label: 'obtains access through',
      points: [
        [
          -443,
          -643,
        ],
        [
          -357,
          -655,
        ],
      ],
      labelBBox: {
        x: -306,
        y: -209,
        width: 148,
        height: 18,
      },
      parent: null,
      relations: [
        '1slqgwu',
      ],
      color: 'gray',
      line: 'dashed',
      head: 'normal',
      controlPoints: [
        {
          x: -306,
          y: -209,
        },
        {
          x: -243,
          y: -210,
        },
      ],
      isLabelCustomized: false,
      navigateTo: null,
      tags: null,
    },
    {
      id: '1bnvadf',
      source: 'laptop.vs-code',
      target: 'intermax.shared.ubiops.sein-omop-dev.dagster',
      label: 'runs devcontainer on',
      points: [
        [
          -722,
          555,
        ],
        [
          -618,
          530,
        ],
      ],
      labelBBox: {
        x: -422,
        y: 171,
        width: 135,
        height: 18,
      },
      parent: null,
      relations: [
        'r4isrk',
      ],
      color: 'gray',
      line: 'dashed',
      head: 'normal',
      controlPoints: [
        {
          x: -422,
          y: 171,
        },
        {
          x: -316,
          y: 311,
        },
      ],
      isLabelCustomized: false,
      navigateTo: null,
      tags: null,
    },
    {
      id: '6nuor',
      source: 'intermax.shared.ubiops.sein-omop-dev.dagster',
      target: 'intermax.shared.ubiops.sein-omop-dev.compute',
      label: 'executes jobs on',
      points: [
        [
          347,
          838,
        ],
        [
          364,
          844,
        ],
      ],
      labelBBox: {
        x: 373,
        y: 963,
        width: 109,
        height: 18,
      },
      parent: 'intermax.shared.ubiops.sein-omop-dev',
      relations: [
        'o4n85s',
      ],
      color: 'gray',
      line: 'dashed',
      head: 'normal',
      controlPoints: [
        {
          x: 373,
          y: 963,
        },
        {
          x: 397,
          y: 968,
        },
      ],
      isLabelCustomized: false,
      navigateTo: null,
      tags: null,
    },
    {
      id: '1s1op2p',
      source: 'intermax.shared.ubiops.sein-omop-dev.dagster',
      target: 'intermax.postgresql.dagster-db',
      label: 'stores metadata in',
      points: [
        [
          682,
          362,
        ],
        [
          683,
          314,
        ],
      ],
      labelBBox: {
        x: 324,
        y: 350,
        width: 119,
        height: 18,
      },
      parent: 'intermax',
      relations: [
        'mo8aya',
      ],
      color: 'gray',
      line: 'dashed',
      head: 'normal',
      controlPoints: [
        {
          x: 324,
          y: 350,
        },
        {
          x: 372,
          y: 304,
        },
      ],
      isLabelCustomized: false,
      navigateTo: null,
      tags: null,
    },
  ],
  _layout: 'manual',
}
