{
  _type: 'element',
  tags: null,
  links: null,
  _stage: 'layouted',
  sourcePath: 'src/model.views.c4',
  description: null,
  title: 'SRDP simplified overview',
  id: 'simplified',
  autoLayout: {
    direction: 'BT',
  },
  hash: 'yB37Wy-62IEcVk65pWqwqccaz5y1drXXIcp72-RVw-M',
  bounds: {
    x: 8,
    y: -204,
    width: 2168,
    height: 1120,
  },
  nodes: [
    {
      id: 'srdp',
      parent: null,
      level: 0,
      children: [
        'srdp.core',
        'srdp.observability.data-lineage',
        'srdp.services',
      ],
      inEdges: [],
      outEdges: [],
      title: 'SRDP',
      modelRef: 'srdp',
      shape: 'rectangle',
      color: 'foundation-blue',
      style: {
        opacity: 15,
        size: 'md',
      },
      description: {
        txt: 'A sovereign data platform based on an opinionated configuration of open standards and open source components.',
      },
      tags: [],
      kind: 'system',
      depth: 4,
      x: 28,
      y: -184,
      width: 2128,
      height: 1080,
      labelBBox: {
        x: 6,
        y: 0,
        width: 35,
        height: 15,
      },
      navigateTo: null,
      links: null,
    },
    {
      id: 'srdp.core',
      parent: 'srdp',
      level: 1,
      children: [
        'srdp.core.orchestrator',
        'srdp.core.lakehouse',
      ],
      inEdges: [
        'w595ue',
      ],
      outEdges: [],
      title: 'SRDP Core',
      modelRef: 'srdp.core',
      shape: 'rectangle',
      color: 'foundation-blue',
      style: {
        opacity: 15,
        size: 'md',
      },
      description: {
        txt: 'An integrated lakehouse data platform that leverages open storage types, data formats and data processing pipelines for reporting, analytics, and machine learning, as well as streaming workloads.',
      },
      tags: [],
      kind: 'system',
      depth: 3,
      x: 70,
      y: -124,
      width: 990,
      height: 978,
      labelBBox: {
        x: 6,
        y: 0,
        width: 69,
        height: 15,
      },
      navigateTo: null,
      links: null,
    },
    {
      id: 'srdp.core.orchestrator',
      parent: 'srdp.core',
      level: 2,
      children: [],
      inEdges: [],
      outEdges: [],
      title: 'Workflow Orchestrator',
      modelRef: 'srdp.core.orchestrator',
      shape: 'rectangle',
      color: 'foundation-blue',
      style: {
        opacity: 15,
        size: 'md',
      },
      description: {
        txt: 'Manages and schedules data pipelines, ensuring that data processing tasks are executed in the correct order and at the right time.',
      },
      tags: [],
      links: [
        {
          url: 'https://docs.dagster.io/',
          title: 'Dagster as preferred open source workflow orchestrator.',
        },
      ],
      kind: 'system',
      navigateTo: 'view_hgc8fl',
      x: 112,
      y: 301,
      width: 320,
      height: 180,
      labelBBox: {
        x: 26,
        y: 38,
        width: 268,
        height: 101,
      },
    },
    {
      id: 'srdp.core.lakehouse',
      parent: 'srdp.core',
      level: 2,
      children: [
        'srdp.core.lakehouse.compute',
        'srdp.core.lakehouse.ducklake',
      ],
      inEdges: [
        'w595ue',
      ],
      outEdges: [],
      title: 'Lakehouse',
      modelRef: 'srdp.core.lakehouse',
      shape: 'rectangle',
      color: 'foundation-blue',
      style: {
        opacity: 15,
        size: 'md',
      },
      description: {
        txt: 'A data storage architecture that combines the benefits of data lakes and data warehouses, providing a unified platform for storing and analyzing structured and unstructured data.',
      },
      tags: [],
      links: [
        {
          url: 'https://doi.org/10.1007/s42979-024-02737-0',
          title: 'Overview paper.',
        },
      ],
      kind: 'system',
      depth: 2,
      navigateTo: 'view_12y52ou',
      x: 483,
      y: -64,
      width: 535,
      height: 876,
      labelBBox: {
        x: 6,
        y: 0,
        width: 73,
        height: 15,
      },
    },
    {
      id: 'srdp.core.lakehouse.compute',
      parent: 'srdp.core.lakehouse',
      level: 3,
      children: [],
      inEdges: [],
      outEdges: [
        'ozl605',
      ],
      title: 'Compute',
      modelRef: 'srdp.core.lakehouse.compute',
      shape: 'component',
      color: 'foundation-green',
      style: {
        opacity: 15,
        size: 'md',
      },
      description: {
        txt: 'An empheral computing instance (client) which which queries and data processing logica can be applied to the data.',
      },
      tags: [],
      kind: 'container',
      x: 546,
      y: -4,
      width: 390,
      height: 180,
      labelBBox: {
        x: 38,
        y: 47,
        width: 314,
        height: 83,
      },
      navigateTo: null,
      links: null,
    },
    {
      id: 'srdp.observability.data-lineage',
      parent: 'srdp',
      level: 1,
      children: [
        'srdp.observability.data-lineage.ui',
        'srdp.observability.data-lineage.api',
      ],
      inEdges: [],
      outEdges: [],
      title: 'Data Lineage',
      modelRef: 'srdp.observability.data-lineage',
      shape: 'rectangle',
      color: 'foundation-blue',
      style: {
        opacity: 15,
        size: 'md',
      },
      description: {
        txt: 'Tracks the flow of data through the platform, providing visibility into data transformations, dependencies, and the origin of data assets, using the OpenLineage standard.',
      },
      tags: [],
      links: [
        {
          url: 'https://openlineage.io/',
          title: 'OpenLineage specification.',
        },
        {
          url: 'https://marquezproject.ai/',
          title: 'Marquez as preferred open source implementation of OpenLineage.',
        },
      ],
      kind: 'system',
      depth: 1,
      x: 1183,
      y: 565,
      width: 902,
      height: 282,
      labelBBox: {
        x: 6,
        y: 0,
        width: 87,
        height: 15,
      },
      navigateTo: null,
    },
    {
      id: 'srdp.observability.data-lineage.ui',
      parent: 'srdp.observability.data-lineage',
      level: 2,
      children: [],
      inEdges: [],
      outEdges: [],
      title: 'Web UI',
      modelRef: 'srdp.observability.data-lineage.ui',
      shape: 'component',
      color: 'foundation-green',
      style: {
        opacity: 15,
        size: 'md',
      },
      description: {
        txt: 'Provides a user interface for visualizing data lineage, allowing users to understand the flow of data and its transformations across the platform.',
      },
      tags: [],
      links: [
        {
          url: 'https://github.com/MarquezProject/marquez/tree/main/web',
          title: 'source code',
        },
        {
          url: 'https://hub.docker.com/r/marquezproject/marquez-web',
          title: 'Docker image',
        },
      ],
      kind: 'container',
      x: 1682,
      y: 625,
      width: 361,
      height: 180,
      labelBBox: {
        x: 38,
        y: 38,
        width: 285,
        height: 101,
      },
      navigateTo: null,
    },
    {
      id: 'srdp.observability.data-lineage.api',
      parent: 'srdp.observability.data-lineage',
      level: 2,
      children: [],
      inEdges: [],
      outEdges: [],
      title: 'REST API',
      modelRef: 'srdp.observability.data-lineage.api',
      shape: 'component',
      color: 'foundation-green',
      style: {
        opacity: 15,
        size: 'md',
      },
      description: {
        txt: 'Provides an API for programmatically accessing lineage metadata, enabling integration with other tools and systems.',
      },
      tags: [],
      links: [
        {
          url: 'https://github.com/MarquezProject/marquez/tree/main/api',
          title: 'source code',
        },
        {
          url: 'https://hub.docker.com/r/marquezproject/marquez',
          title: 'Docker image',
        },
      ],
      kind: 'container',
      x: 1225,
      y: 625,
      width: 347,
      height: 180,
      labelBBox: {
        x: 38,
        y: 47,
        width: 272,
        height: 83,
      },
      navigateTo: null,
    },
    {
      id: 'srdp.services',
      parent: 'srdp',
      level: 1,
      children: [
        'srdp.services.api',
        'srdp.services.apps',
      ],
      inEdges: [],
      outEdges: [
        'w595ue',
      ],
      title: 'Services',
      modelRef: 'srdp.services',
      shape: 'rectangle',
      color: 'foundation-blue',
      style: {
        opacity: 15,
        size: 'md',
      },
      description: {
        txt: 'Apps & services through which data products, dashboards and apps can be consumed.',
      },
      tags: [],
      kind: 'system',
      depth: 1,
      x: 1179,
      y: 237,
      width: 935,
      height: 282,
      labelBBox: {
        x: 6,
        y: 0,
        width: 60,
        height: 15,
      },
      navigateTo: null,
      links: null,
    },
    {
      id: 'srdp.core.lakehouse.ducklake',
      parent: 'srdp.core.lakehouse',
      level: 3,
      children: [
        'srdp.core.lakehouse.ducklake.catalog',
        'srdp.core.lakehouse.ducklake.storage',
      ],
      inEdges: [
        'ozl605',
      ],
      outEdges: [],
      title: 'DuckLake',
      modelRef: 'srdp.core.lakehouse.ducklake',
      shape: 'rectangle',
      color: 'foundation-blue',
      style: {
        opacity: 15,
        size: 'md',
      },
      description: {
        txt: 'A lakehouse format built on SQL.',
      },
      tags: [],
      links: [
        {
          url: 'https://ducklake.select',
        },
      ],
      kind: 'system',
      depth: 1,
      navigateTo: 'view_u7j7gt',
      x: 525,
      y: 244,
      width: 451,
      height: 526,
      labelBBox: {
        x: 6,
        y: 0,
        width: 66,
        height: 15,
      },
    },
    {
      id: 'srdp.core.lakehouse.ducklake.catalog',
      parent: 'srdp.core.lakehouse.ducklake',
      level: 4,
      children: [],
      inEdges: [],
      outEdges: [
        'gwr3wg',
      ],
      title: 'Catalog',
      modelRef: 'srdp.core.lakehouse.ducklake.catalog',
      shape: 'component',
      color: 'foundation-green',
      style: {
        opacity: 15,
        size: 'md',
      },
      description: {
        txt: 'An open table format that maintains an inventory of structured data assets, their schemas, and their relationships.',
      },
      tags: [],
      kind: 'container',
      x: 567,
      y: 304,
      width: 346,
      height: 180,
      labelBBox: {
        x: 38,
        y: 47,
        width: 271,
        height: 83,
      },
      navigateTo: null,
      links: null,
    },
    {
      id: 'srdp.core.lakehouse.ducklake.storage',
      parent: 'srdp.core.lakehouse.ducklake',
      level: 4,
      children: [],
      inEdges: [
        'gwr3wg',
      ],
      outEdges: [],
      title: 'Storage',
      modelRef: 'srdp.core.lakehouse.ducklake.storage',
      shape: 'component',
      color: 'foundation-green',
      style: {
        opacity: 15,
        size: 'md',
      },
      description: {
        txt: 'S3 compatible, scalable and cost-effective storage for storing large volumes of data in its open file formats.',
      },
      tags: [],
      kind: 'container',
      x: 570,
      y: 548,
      width: 364,
      height: 180,
      labelBBox: {
        x: 38,
        y: 47,
        width: 288,
        height: 83,
      },
      navigateTo: null,
      links: null,
    },
    {
      id: 'srdp.services.api',
      parent: 'srdp.services',
      level: 2,
      children: [],
      inEdges: [],
      outEdges: [],
      title: 'API',
      modelRef: 'srdp.services.api',
      shape: 'component',
      color: 'foundation-green',
      style: {
        opacity: 15,
        size: 'md',
      },
      description: {
        txt: 'Provides openAPI-based read-access to the core data platform.',
      },
      tags: [],
      links: [
        {
          url: 'https://swagger.io/specification/',
          title: 'OpenAPI specification.',
        },
        {
          url: 'https://fastapi.tiangolo.com/',
          title: 'FastAPI as preferred open source framework for building APIs.',
        },
      ],
      kind: 'container',
      x: 1221,
      y: 297,
      width: 373,
      height: 180,
      labelBBox: {
        x: 38,
        y: 56,
        width: 298,
        height: 65,
      },
      navigateTo: null,
    },
    {
      id: 'srdp.services.apps',
      parent: 'srdp.services',
      level: 2,
      children: [],
      inEdges: [],
      outEdges: [],
      title: 'Apps',
      modelRef: 'srdp.services.apps',
      shape: 'component',
      color: 'foundation-green',
      style: {
        opacity: 15,
        size: 'md',
      },
      description: {
        txt: 'Applications that provide user interfaces for consuming data products, dashboards, and machine learning models.',
      },
      tags: [],
      links: [
        {
          url: 'https://shiny.posit.co/py/docs/overview.html',
          title: 'Shiny for Python as recommended open source framework for building data apps.',
        },
        {
          url: 'https://streamlit.io/',
          title: 'Streamlit as recommended open source framework for building data apps.',
        },
      ],
      kind: 'container',
      x: 1705,
      y: 297,
      width: 367,
      height: 180,
      labelBBox: {
        x: 38,
        y: 47,
        width: 292,
        height: 83,
      },
      navigateTo: null,
    },
  ],
  edges: [
    {
      id: 'gwr3wg',
      source: 'srdp.core.lakehouse.ducklake.catalog',
      target: 'srdp.core.lakehouse.ducklake.storage',
      label: 'manages metadata and data files in',
      points: [
        [
          913,
          394,
        ],
        [
          1013,
          394,
        ],
        [
          1138,
          394,
        ],
        [
          1240,
          394,
        ],
      ],
      labelBBox: {
        x: 743,
        y: 478,
        width: 226,
        height: 18,
      },
      parent: 'srdp.core.lakehouse.ducklake',
      relations: [
        'u6bpt9',
      ],
      color: 'gray',
      line: 'dashed',
      head: 'normal',
      controlPoints: [
        {
          x: 745,
          y: 511,
        },
      ],
      isLabelCustomized: false,
      navigateTo: null,
      tags: null,
    },
    {
      id: 'ozl605',
      source: 'srdp.core.lakehouse.compute',
      target: 'srdp.core.lakehouse.ducklake',
      label: 'queries and processes data in',
      points: [
        [
          859,
          605,
        ],
        [
          846,
          582,
        ],
        [
          832,
          557,
        ],
        [
          818,
          533,
        ],
      ],
      labelBBox: {
        x: 476,
        y: -44,
        width: 191,
        height: 18,
      },
      parent: 'srdp.core.lakehouse',
      relations: [
        '1du5ouj',
      ],
      color: 'gray',
      line: 'dashed',
      head: 'normal',
      controlPoints: [
        {
          x: 708,
          y: 101,
        },
      ],
      isLabelCustomized: false,
      navigateTo: null,
      tags: null,
    },
    {
      id: 'w595ue',
      source: 'srdp.services',
      target: 'srdp.core.lakehouse',
      label: 'exposes data for consumption from',
      points: [
        [
          988,
          831,
        ],
        [
          978,
          815,
        ],
        [
          967,
          799,
        ],
        [
          957,
          783,
        ],
      ],
      labelBBox: {
        x: 1117,
        y: 375,
        width: 223,
        height: 18,
      },
      parent: 'srdp',
      relations: [
        '1qy3h07',
      ],
      color: 'gray',
      line: 'dashed',
      head: 'normal',
      controlPoints: [
        {
          x: 1117,
          y: 375,
        },
        {
          x: 1083,
          y: 375,
        },
      ],
      isLabelCustomized: false,
      navigateTo: null,
      tags: null,
    },
  ],
  _layout: 'manual',
}
