{
  _type: 'element',
  tags: null,
  links: null,
  _stage: 'layouted',
  sourcePath: 'model.views.c4',
  description: null,
  title: 'SRDP overview',
  id: 'index',
  autoLayout: {
    direction: 'BT',
  },
  hash: 'KVFk8RFg7rdBRDPK1iGlqeF65nIimCSA1SZ3x5JAfJI',
  bounds: {
    x: -53,
    y: -185,
    width: 1840,
    height: 1652,
  },
  nodes: [
    {
      id: 'srdp',
      parent: null,
      level: 0,
      children: [
        'srdp.observability',
        'srdp.core',
        'srdp.security',
        'srdp.services',
      ],
      inEdges: [],
      outEdges: [],
      title: 'SRDP',
      modelRef: 'srdp',
      shape: 'rectangle',
      color: 'foundation-blue',
      style: {
        opacity: 15,
        size: 'md',
      },
      description: {
        txt: 'A sovereign data platform based on an opinionated configuration of open standards and open source components.',
      },
      tags: [],
      kind: 'system',
      depth: 4,
      x: -33,
      y: -165,
      width: 1800,
      height: 1612,
      labelBBox: {
        x: 6,
        y: 0,
        width: 35,
        height: 15,
      },
      navigateTo: null,
      links: null,
    },
    {
      id: 'srdp.observability',
      parent: 'srdp',
      level: 1,
      children: [
        'srdp.observability.telemetry',
        'srdp.observability.data-lineage',
      ],
      inEdges: [],
      outEdges: [
        '1j1o3jm',
        'yk7qjx',
        'iil88o',
        '85c6yo',
      ],
      title: 'Observability',
      modelRef: 'srdp.observability',
      shape: 'rectangle',
      color: 'foundation-blue',
      style: {
        opacity: 15,
        size: 'md',
      },
      description: {
        txt: 'Provides monitoring, logging, and alerting capabilities to ensure the health and performance of the data platform.',
      },
      tags: [],
      links: [
        {
          url: 'https://opentelemetry.io/',
          title: 'OpenTelemetry as preferred open source observability framework.',
        },
      ],
      kind: 'system',
      depth: 2,
      x: 19,
      y: 1021,
      width: 1706,
      height: 384,
      labelBBox: {
        x: 6,
        y: 0,
        width: 93,
        height: 15,
      },
      navigateTo: null,
    },
    {
      id: 'srdp.core',
      parent: 'srdp',
      level: 1,
      children: [
        'srdp.core.orchestrator',
        'srdp.core.lakehouse',
      ],
      inEdges: [
        'ch947',
        '1j1o3jm',
        'yk7qjx',
        'w595ue',
      ],
      outEdges: [],
      title: 'SRDP Core',
      modelRef: 'srdp.core',
      shape: 'rectangle',
      color: 'foundation-blue',
      style: {
        opacity: 15,
        size: 'md',
      },
      description: {
        txt: 'An integrated lakehouse data platform that leverages open storage types, data formats and data processing pipelines for reporting, analytics, and machine learning, as well as streaming workloads.',
      },
      tags: [],
      kind: 'system',
      depth: 3,
      x: 9,
      y: -105,
      width: 1144,
      height: 991,
      labelBBox: {
        x: 6,
        y: 0,
        width: 69,
        height: 15,
      },
      navigateTo: null,
      links: null,
    },
    {
      id: 'srdp.core.orchestrator',
      parent: 'srdp.core',
      level: 2,
      children: [
        'srdp.core.orchestrator.ui',
        'srdp.core.orchestrator.deamon',
        'srdp.core.orchestrator.code-location',
      ],
      inEdges: [],
      outEdges: [],
      title: 'Workflow Orchestrator',
      modelRef: 'srdp.core.orchestrator',
      shape: 'rectangle',
      color: 'foundation-blue',
      style: {
        opacity: 15,
        size: 'md',
      },
      description: {
        txt: 'Manages and schedules data pipelines, ensuring that data processing tasks are executed in the correct order and at the right time.',
      },
      tags: [],
      links: [
        {
          url: 'https://docs.dagster.io/',
          title: 'Dagster as preferred open source workflow orchestrator.',
        },
      ],
      kind: 'system',
      depth: 1,
      navigateTo: 'view_1h9a6o',
      x: 51,
      y: -45,
      width: 503,
      height: 853,
      labelBBox: {
        x: 6,
        y: 0,
        width: 167,
        height: 15,
      },
    },
    {
      id: 'srdp.core.lakehouse',
      parent: 'srdp.core',
      level: 2,
      children: [
        'srdp.core.lakehouse.compute',
        'srdp.core.lakehouse.ducklake',
      ],
      inEdges: [
        'w595ue',
      ],
      outEdges: [],
      title: 'Lakehouse',
      modelRef: 'srdp.core.lakehouse',
      shape: 'rectangle',
      color: 'foundation-blue',
      style: {
        opacity: 15,
        size: 'md',
      },
      description: {
        txt: 'A data storage architecture that combines the benefits of data lakes and data warehouses, providing a unified platform for storing and analyzing structured and unstructured data.',
      },
      tags: [],
      links: [
        {
          url: 'https://doi.org/10.1007/s42979-024-02737-0',
          title: 'Overview paper.',
        },
      ],
      kind: 'system',
      depth: 2,
      navigateTo: 'view_1oabtlr',
      x: 579,
      y: -42,
      width: 532,
      height: 886,
      labelBBox: {
        x: 6,
        y: 0,
        width: 73,
        height: 15,
      },
    },
    {
      id: 'srdp.core.lakehouse.compute',
      parent: 'srdp.core.lakehouse',
      level: 3,
      children: [],
      inEdges: [],
      outEdges: [
        'ozl605',
      ],
      title: 'Compute',
      modelRef: 'srdp.core.lakehouse.compute',
      shape: 'component',
      color: 'foundation-green',
      style: {
        opacity: 15,
        size: 'md',
      },
      description: {
        txt: 'An empheral computing instance (client) which which queries and data processing logica can be applied to the data.',
      },
      tags: [],
      kind: 'container',
      x: 635,
      y: 18,
      width: 390,
      height: 180,
      labelBBox: {
        x: 38,
        y: 47,
        width: 314,
        height: 83,
      },
      navigateTo: null,
      links: null,
    },
    {
      id: 'srdp.observability.telemetry',
      parent: 'srdp.observability',
      level: 2,
      children: [],
      inEdges: [],
      outEdges: [
        'yk7qjx',
        'iil88o',
        '85c6yo',
        '2kbatx',
      ],
      title: 'Telemetry',
      modelRef: 'srdp.observability.telemetry',
      shape: 'component',
      color: 'foundation-green',
      style: {
        opacity: 15,
        size: 'md',
      },
      description: {
        txt: 'Collects and manages logs from various components of the data platform, providing insights into system behavior and aiding in troubleshooting.',
      },
      tags: [],
      links: [
        {
          url: 'https://opentelemetry.io/docs/specs/otlp/',
          title: 'OpenTelemetry Protocol as the mandatory standard for monitoring',
        },
        {
          url: 'https://prometheus.io/docs/introduction/overview/',
          title: 'Prometheus as preferred open source monitoring solution.',
        },
      ],
      kind: 'container',
      x: 1319,
      y: 1145,
      width: 364,
      height: 180,
      labelBBox: {
        x: 38,
        y: 38,
        width: 288,
        height: 101,
      },
      navigateTo: null,
    },
    {
      id: 'srdp.core.orchestrator.ui',
      parent: 'srdp.core.orchestrator',
      level: 3,
      children: [],
      inEdges: [],
      outEdges: [
        '1xk2l6z',
        '13bld6i',
      ],
      title: 'Web UI',
      modelRef: 'srdp.core.orchestrator.ui',
      shape: 'component',
      color: 'foundation-green',
      style: {
        opacity: 15,
        size: 'md',
      },
      description: {
        txt: 'Provides a user interface for monitoring and managing data pipelines, allowing users to visualize the status of their workflows and troubleshoot any issues that arise.',
      },
      tags: [],
      kind: 'container',
      x: 93,
      y: 15,
      width: 370,
      height: 180,
      labelBBox: {
        x: 38,
        y: 38,
        width: 295,
        height: 101,
      },
      navigateTo: null,
      links: null,
    },
    {
      id: 'srdp.core.lakehouse.ducklake',
      parent: 'srdp.core.lakehouse',
      level: 3,
      children: [
        'srdp.core.lakehouse.ducklake.catalog',
        'srdp.core.lakehouse.ducklake.storage',
      ],
      inEdges: [
        'ozl605',
      ],
      outEdges: [],
      title: 'DuckLake',
      modelRef: 'srdp.core.lakehouse.ducklake',
      shape: 'rectangle',
      color: 'foundation-blue',
      style: {
        opacity: 15,
        size: 'md',
      },
      description: {
        txt: 'A lakehouse format built on SQL.',
      },
      tags: [],
      links: [
        {
          url: 'https://ducklake.select',
        },
      ],
      kind: 'system',
      depth: 1,
      navigateTo: 'view_1ftlaui',
      x: 621,
      y: 272,
      width: 448,
      height: 530,
      labelBBox: {
        x: 6,
        y: 0,
        width: 66,
        height: 15,
      },
    },
    {
      id: 'srdp.security',
      parent: 'srdp',
      level: 1,
      children: [
        'srdp.security.proxy',
        'srdp.security.idp',
      ],
      inEdges: [
        '85c6yo',
      ],
      outEdges: [
        'ch947',
        '1q2kkky',
      ],
      title: 'Security',
      modelRef: 'srdp.security',
      shape: 'rectangle',
      color: 'foundation-blue',
      style: {
        opacity: 15,
        size: 'md',
      },
      description: {
        txt: 'Ensures the security and compliance of the data platform, implementing access controls, encryption, and auditing mechanisms to protect sensitive data and maintain regulatory compliance.',
      },
      tags: [],
      kind: 'system',
      depth: 1,
      x: 1251,
      y: 457,
      width: 474,
      height: 500,
      labelBBox: {
        x: 6,
        y: 0,
        width: 60,
        height: 15,
      },
      navigateTo: null,
      links: null,
    },
    {
      id: 'srdp.observability.data-lineage',
      parent: 'srdp.observability',
      level: 2,
      children: [
        'srdp.observability.data-lineage.ui',
        'srdp.observability.data-lineage.api',
      ],
      inEdges: [
        '2kbatx',
      ],
      outEdges: [
        '1j1o3jm',
      ],
      title: 'Data Lineage',
      modelRef: 'srdp.observability.data-lineage',
      shape: 'rectangle',
      color: 'foundation-blue',
      style: {
        opacity: 15,
        size: 'md',
      },
      description: {
        txt: 'Tracks the flow of data through the platform, providing visibility into data transformations, dependencies, and the origin of data assets, using the OpenLineage standard.',
      },
      tags: [],
      links: [
        {
          url: 'https://openlineage.io/',
          title: 'OpenLineage specification.',
        },
        {
          url: 'https://marquezproject.ai/',
          title: 'Marquez as preferred open source implementation of OpenLineage.',
        },
      ],
      kind: 'system',
      depth: 1,
      x: 61,
      y: 1081,
      width: 902,
      height: 282,
      labelBBox: {
        x: 6,
        y: 0,
        width: 87,
        height: 15,
      },
      navigateTo: null,
    },
    {
      id: 'srdp.core.orchestrator.deamon',
      parent: 'srdp.core.orchestrator',
      level: 3,
      children: [],
      inEdges: [
        '13bld6i',
      ],
      outEdges: [
        'g332yj',
      ],
      title: 'Deamon',
      modelRef: 'srdp.core.orchestrator.deamon',
      shape: 'component',
      color: 'foundation-green',
      style: {
        opacity: 15,
        size: 'md',
      },
      description: {
        txt: 'long-running process for creating job runs',
      },
      tags: [],
      kind: 'container',
      x: 96,
      y: 586,
      width: 356,
      height: 180,
      labelBBox: {
        x: 38,
        y: 65,
        width: 281,
        height: 47,
      },
      navigateTo: null,
      links: null,
    },
    {
      id: 'srdp.core.lakehouse.ducklake.catalog',
      parent: 'srdp.core.lakehouse.ducklake',
      level: 4,
      children: [],
      inEdges: [],
      outEdges: [
        'gwr3wg',
      ],
      title: 'Catalog',
      modelRef: 'srdp.core.lakehouse.ducklake.catalog',
      shape: 'component',
      color: 'foundation-green',
      style: {
        opacity: 15,
        size: 'md',
      },
      description: {
        txt: 'An open table format that maintains an inventory of structured data assets, their schemas, and their relationships.',
      },
      tags: [],
      kind: 'container',
      x: 671,
      y: 332,
      width: 346,
      height: 180,
      labelBBox: {
        x: 38,
        y: 47,
        width: 271,
        height: 83,
      },
      navigateTo: null,
      links: null,
    },
    {
      id: 'srdp.services',
      parent: 'srdp',
      level: 1,
      children: [
        'srdp.services.api',
        'srdp.services.apps',
      ],
      inEdges: [
        '1q2kkky',
        'iil88o',
      ],
      outEdges: [
        'w595ue',
      ],
      title: 'Services',
      modelRef: 'srdp.services',
      shape: 'rectangle',
      color: 'foundation-blue',
      style: {
        opacity: 15,
        size: 'md',
      },
      description: {
        txt: 'Apps & services through which data products, dashboards and apps can be consumed.',
      },
      tags: [],
      kind: 'system',
      depth: 1,
      x: 1249,
      y: -105,
      width: 457,
      height: 514,
      labelBBox: {
        x: 6,
        y: 0,
        width: 60,
        height: 15,
      },
      navigateTo: null,
      links: null,
    },
    {
      id: 'srdp.core.orchestrator.code-location',
      parent: 'srdp.core.orchestrator',
      level: 3,
      children: [],
      inEdges: [
        '1xk2l6z',
        'g332yj',
      ],
      outEdges: [],
      title: 'Code Location',
      modelRef: 'srdp.core.orchestrator.code-location',
      shape: 'rectangle',
      color: 'indigo',
      style: {
        opacity: 15,
        size: 'md',
      },
      description: {
        txt: 'Collection of entity definitions (assets, jobs etc.) deployed in a specific environment',
      },
      tags: [],
      kind: 'component',
      x: 177,
      y: 290,
      width: 335,
      height: 180,
      labelBBox: {
        x: 18,
        y: 56,
        width: 299,
        height: 65,
      },
      navigateTo: null,
      links: null,
    },
    {
      id: 'srdp.core.lakehouse.ducklake.storage',
      parent: 'srdp.core.lakehouse.ducklake',
      level: 4,
      children: [],
      inEdges: [
        'gwr3wg',
      ],
      outEdges: [],
      title: 'Storage',
      modelRef: 'srdp.core.lakehouse.ducklake.storage',
      shape: 'component',
      color: 'foundation-green',
      style: {
        opacity: 15,
        size: 'md',
      },
      description: {
        txt: 'S3 compatible, scalable and cost-effective storage for storing large volumes of data in its open file formats.',
      },
      tags: [],
      kind: 'container',
      x: 663,
      y: 580,
      width: 364,
      height: 180,
      labelBBox: {
        x: 38,
        y: 47,
        width: 288,
        height: 83,
      },
      navigateTo: null,
      links: null,
    },
    {
      id: 'srdp.observability.data-lineage.ui',
      parent: 'srdp.observability.data-lineage',
      level: 3,
      children: [],
      inEdges: [],
      outEdges: [],
      title: 'Web UI',
      modelRef: 'srdp.observability.data-lineage.ui',
      shape: 'component',
      color: 'foundation-green',
      style: {
        opacity: 15,
        size: 'md',
      },
      description: {
        txt: 'Provides a user interface for visualizing data lineage, allowing users to understand the flow of data and its transformations across the platform.',
      },
      tags: [],
      links: [
        {
          url: 'https://github.com/MarquezProject/marquez/tree/main/web',
          title: 'source code',
        },
        {
          url: 'https://hub.docker.com/r/marquezproject/marquez-web',
          title: 'Docker image',
        },
      ],
      kind: 'container',
      x: 103,
      y: 1141,
      width: 361,
      height: 180,
      labelBBox: {
        x: 38,
        y: 38,
        width: 285,
        height: 101,
      },
      navigateTo: null,
    },
    {
      id: 'srdp.observability.data-lineage.api',
      parent: 'srdp.observability.data-lineage',
      level: 3,
      children: [],
      inEdges: [],
      outEdges: [],
      title: 'REST API',
      modelRef: 'srdp.observability.data-lineage.api',
      shape: 'component',
      color: 'foundation-green',
      style: {
        opacity: 15,
        size: 'md',
      },
      description: {
        txt: 'Provides an API for programmatically accessing lineage metadata, enabling integration with other tools and systems.',
      },
      tags: [],
      links: [
        {
          url: 'https://github.com/MarquezProject/marquez/tree/main/api',
          title: 'source code',
        },
        {
          url: 'https://hub.docker.com/r/marquezproject/marquez',
          title: 'Docker image',
        },
      ],
      kind: 'container',
      x: 574,
      y: 1141,
      width: 347,
      height: 180,
      labelBBox: {
        x: 38,
        y: 47,
        width: 272,
        height: 83,
      },
      navigateTo: null,
    },
    {
      id: 'srdp.services.api',
      parent: 'srdp.services',
      level: 2,
      children: [],
      inEdges: [],
      outEdges: [],
      title: 'API',
      modelRef: 'srdp.services.api',
      shape: 'component',
      color: 'foundation-green',
      style: {
        opacity: 15,
        size: 'md',
      },
      description: {
        txt: 'Provides openAPI-based read-access to the core data platform.',
      },
      tags: [],
      links: [
        {
          url: 'https://swagger.io/specification/',
          title: 'OpenAPI specification.',
        },
        {
          url: 'https://fastapi.tiangolo.com/',
          title: 'FastAPI as preferred open source framework for building APIs.',
        },
      ],
      kind: 'container',
      x: 1291,
      y: 187,
      width: 373,
      height: 180,
      labelBBox: {
        x: 38,
        y: 56,
        width: 298,
        height: 65,
      },
      navigateTo: null,
    },
    {
      id: 'srdp.services.apps',
      parent: 'srdp.services',
      level: 2,
      children: [],
      inEdges: [],
      outEdges: [],
      title: 'Apps',
      modelRef: 'srdp.services.apps',
      shape: 'component',
      color: 'foundation-green',
      style: {
        opacity: 15,
        size: 'md',
      },
      description: {
        txt: 'Applications that provide user interfaces for consuming data products, dashboards, and machine learning models.',
      },
      tags: [],
      links: [
        {
          url: 'https://shiny.posit.co/py/docs/overview.html',
          title: 'Shiny for Python as recommended open source framework for building data apps.',
        },
        {
          url: 'https://streamlit.io/',
          title: 'Streamlit as recommended open source framework for building data apps.',
        },
      ],
      kind: 'container',
      x: 1295,
      y: -45,
      width: 367,
      height: 180,
      labelBBox: {
        x: 38,
        y: 47,
        width: 292,
        height: 83,
      },
      navigateTo: null,
    },
    {
      id: 'srdp.security.proxy',
      parent: 'srdp.security',
      level: 2,
      children: [],
      inEdges: [],
      outEdges: [],
      title: 'Proxy',
      modelRef: 'srdp.security.proxy',
      shape: 'component',
      color: 'foundation-green',
      style: {
        opacity: 15,
        size: 'md',
      },
      description: {
        txt: 'A reverse proxy that provides a single entry point for accessing the various components of the data platform, enforcing security policies and access controls.',
      },
      tags: [],
      links: [
        {
          url: 'https://traefik.io/traefik',
          title: 'Traefik as preferred open source reverse proxy solution.',
        },
      ],
      kind: 'container',
      x: 1298,
      y: 517,
      width: 385,
      height: 180,
      labelBBox: {
        x: 38,
        y: 38,
        width: 309,
        height: 101,
      },
      navigateTo: null,
    },
    {
      id: 'srdp.security.idp',
      parent: 'srdp.security',
      level: 2,
      children: [],
      inEdges: [],
      outEdges: [],
      title: 'Identity Provider',
      modelRef: 'srdp.security.idp',
      shape: 'component',
      color: 'foundation-green',
      style: {
        opacity: 15,
        size: 'md',
      },
      description: {
        txt: 'An identity provider that manages user authentication and authorization, integrating with the platform\'s access control mechanisms to ensure secure access to data and services.',
      },
      tags: [],
      links: [
        {
          url: 'https://zitadel.com/docs',
          title: 'Zitadel as preferred open source identity provider solution.',
        },
      ],
      kind: 'container',
      x: 1293,
      y: 735,
      width: 388,
      height: 180,
      labelBBox: {
        x: 38,
        y: 38,
        width: 313,
        height: 101,
      },
      navigateTo: null,
    },
  ],
  edges: [
    {
      id: '1xk2l6z',
      source: 'srdp.core.orchestrator.ui',
      target: 'srdp.core.orchestrator.code-location',
      label: 'visualize',
      points: [
        [
          277,
          221,
        ],
        [
          277,
          234,
        ],
      ],
      labelBBox: {
        x: 310,
        y: 234,
        width: 58,
        height: 18,
      },
      parent: 'srdp.core.orchestrator',
      relations: [
        '1bo6zij',
      ],
      color: 'gray',
      line: 'dashed',
      head: 'normal',
      controlPoints: [
        {
          x: 310,
          y: 234,
        },
        {
          x: 312,
          y: 250,
        },
      ],
      isLabelCustomized: false,
      navigateTo: null,
      tags: null,
    },
    {
      id: 'g332yj',
      source: 'srdp.core.orchestrator.deamon',
      target: 'srdp.core.orchestrator.code-location',
      label: 'manages runs from',
      points: [
        [
          552,
          514,
        ],
        [
          511,
          489,
        ],
      ],
      labelBBox: {
        x: 307,
        y: 540,
        width: 125,
        height: 18,
      },
      parent: 'srdp.core.orchestrator',
      relations: [
        'wgf6ih',
      ],
      color: 'gray',
      line: 'dashed',
      head: 'normal',
      controlPoints: [
        {
          x: 307,
          y: 540,
        },
        {
          x: 312,
          y: 516,
        },
      ],
      isLabelCustomized: false,
      navigateTo: null,
      tags: null,
    },
    {
      id: '13bld6i',
      source: 'srdp.core.orchestrator.ui',
      target: 'srdp.core.orchestrator.deamon',
      label: 'manually trigger',
      points: [
        [
          279,
          328,
        ],
        [
          280,
          395,
        ],
      ],
      labelBBox: {
        x: 79,
        y: 387,
        width: 104,
        height: 18,
      },
      parent: 'srdp.core.orchestrator',
      relations: [
        'ml4omz',
      ],
      color: 'gray',
      line: 'dashed',
      head: 'normal',
      controlPoints: [
        {
          x: 82,
          y: 362,
        },
        {
          x: 98,
          y: 476,
        },
      ],
      isLabelCustomized: false,
      navigateTo: null,
      tags: null,
    },
    {
      id: 'gwr3wg',
      source: 'srdp.core.lakehouse.ducklake.catalog',
      target: 'srdp.core.lakehouse.ducklake.storage',
      label: 'manages metadata and data files in',
      points: [
        [
          1012,
          778,
        ],
        [
          1112,
          778,
        ],
        [
          1237,
          778,
        ],
        [
          1339,
          778,
        ],
      ],
      labelBBox: {
        x: 843,
        y: 506,
        width: 226,
        height: 18,
      },
      parent: 'srdp.core.lakehouse.ducklake',
      relations: [
        'u6bpt9',
      ],
      color: 'gray',
      line: 'dashed',
      head: 'normal',
      controlPoints: [
        {
          x: 843,
          y: 541,
        },
      ],
      isLabelCustomized: false,
      navigateTo: null,
      tags: null,
    },
    {
      id: 'ch947',
      source: 'srdp.security',
      target: 'srdp.core',
      label: 'secures',
      points: [
        [
          1208,
          588,
        ],
        [
          1190,
          581,
        ],
      ],
      labelBBox: {
        x: 1211,
        y: 601,
        width: 53,
        height: 18,
      },
      parent: 'srdp',
      relations: [
        'gar6w7',
      ],
      color: 'gray',
      line: 'dashed',
      head: 'normal',
      controlPoints: [
        {
          x: 1211,
          y: 601,
        },
        {
          x: 1193,
          y: 594,
        },
      ],
      isLabelCustomized: false,
      navigateTo: null,
      tags: null,
    },
    {
      id: '1q2kkky',
      source: 'srdp.security',
      target: 'srdp.services',
      label: 'secures',
      points: [
        [
          1480,
          407,
        ],
        [
          1480,
          393,
        ],
      ],
      labelBBox: {
        x: 1482,
        y: 438,
        width: 53,
        height: 18,
      },
      parent: 'srdp',
      relations: [
        'qoymyb',
      ],
      color: 'gray',
      line: 'dashed',
      head: 'normal',
      controlPoints: [
        {
          x: 1482,
          y: 438,
        },
        {
          x: 1482,
          y: 424,
        },
      ],
      isLabelCustomized: false,
      navigateTo: null,
      tags: null,
    },
    {
      id: 'ozl605',
      source: 'srdp.core.lakehouse.compute',
      target: 'srdp.core.lakehouse.ducklake',
      label: 'queries and processes data in',
      points: [
        [
          813,
          567,
        ],
        [
          813,
          545,
        ],
        [
          813,
          520,
        ],
        [
          813,
          496,
        ],
      ],
      labelBBox: {
        x: 833,
        y: 232,
        width: 191,
        height: 18,
      },
      parent: 'srdp.core.lakehouse',
      relations: [
        '1du5ouj',
      ],
      color: 'gray',
      line: 'dashed',
      head: 'normal',
      controlPoints: [
        {
          x: 833,
          y: 232,
        },
        {
          x: 834,
          y: 256,
        },
      ],
      isLabelCustomized: false,
      navigateTo: null,
      tags: null,
    },
    {
      id: '1j1o3jm',
      source: 'srdp.observability.data-lineage',
      target: 'srdp.core',
      label: 'receives lineage metadata from',
      points: [
        [
          529,
          976,
        ],
        [
          531,
          946,
        ],
      ],
      labelBBox: {
        x: 529,
        y: 1009,
        width: 199,
        height: 18,
      },
      parent: 'srdp',
      relations: [
        'r885y7',
      ],
      color: 'gray',
      line: 'dashed',
      head: 'normal',
      controlPoints: [
        {
          x: 529,
          y: 1009,
        },
        {
          x: 532,
          y: 978,
        },
      ],
      isLabelCustomized: false,
      navigateTo: null,
      tags: null,
    },
    {
      id: 'yk7qjx',
      source: 'srdp.observability.telemetry',
      target: 'srdp.core',
      label: 'monitors',
      points: [
        [
          1037,
          1510,
        ],
        [
          954,
          1302,
        ],
      ],
      labelBBox: {
        x: 1306,
        y: 1051,
        width: 58,
        height: 18,
      },
      parent: 'srdp',
      relations: [
        'obrqwx',
      ],
      color: 'gray',
      line: 'dashed',
      head: 'normal',
      controlPoints: [
        {
          x: 1306,
          y: 1051,
        },
        {
          x: 1259,
          y: 1007,
        },
      ],
      isLabelCustomized: false,
      navigateTo: null,
      tags: null,
    },
    {
      id: 'iil88o',
      source: 'srdp.observability.telemetry',
      target: 'srdp.services',
      label: 'monitors',
      points: [
        [
          1328,
          1301,
        ],
        [
          1367,
          989,
        ],
      ],
      labelBBox: {
        x: 1492,
        y: 849,
        width: 58,
        height: 18,
      },
      parent: 'srdp',
      relations: [
        '125e93q',
      ],
      color: 'gray',
      line: 'dashed',
      head: 'normal',
      controlPoints: [
        {
          x: 1492,
          y: 849,
        },
        {
          x: 1489,
          y: 702,
        },
      ],
      isLabelCustomized: false,
      navigateTo: null,
      tags: null,
    },
    {
      id: '85c6yo',
      source: 'srdp.observability.telemetry',
      target: 'srdp.security',
      label: 'monitors',
      points: [
        [
          1328,
          1531,
        ],
        [
          1364,
          1333,
        ],
      ],
      labelBBox: {
        x: 1496,
        y: 1072,
        width: 58,
        height: 18,
      },
      parent: 'srdp',
      relations: [
        'c9no9b',
      ],
      color: 'gray',
      line: 'dashed',
      head: 'normal',
      controlPoints: [
        {
          x: 1496,
          y: 1072,
        },
        {
          x: 1494,
          y: 1038,
        },
      ],
      isLabelCustomized: false,
      navigateTo: null,
      tags: null,
    },
    {
      id: '2kbatx',
      source: 'srdp.observability.telemetry',
      target: 'srdp.observability.data-lineage',
      label: 'monitors',
      points: [
        [
          950,
          1727,
        ],
        [
          844,
          1606,
        ],
      ],
      labelBBox: {
        x: 1191,
        y: 1231,
        width: 58,
        height: 18,
      },
      parent: 'srdp.observability',
      relations: [
        'plrwrc',
      ],
      color: 'gray',
      line: 'dashed',
      head: 'normal',
      controlPoints: [
        {
          x: 1191,
          y: 1231,
        },
        {
          x: 1148,
          y: 1229,
        },
      ],
      isLabelCustomized: false,
      navigateTo: null,
      tags: null,
    },
    {
      id: 'w595ue',
      source: 'srdp.services',
      target: 'srdp.core.lakehouse',
      label: 'exposes data for consumption from',
      points: [
        [
          1193,
          226,
        ],
        [
          1166,
          237,
        ],
      ],
      labelBBox: {
        x: 1193,
        y: 251,
        width: 223,
        height: 18,
      },
      parent: 'srdp',
      relations: [
        '1qy3h07',
      ],
      color: 'gray',
      line: 'dashed',
      head: 'normal',
      controlPoints: [
        {
          x: 1193,
          y: 251,
        },
        {
          x: 1166,
          y: 259,
        },
      ],
      isLabelCustomized: false,
      navigateTo: null,
      tags: null,
    },
  ],
  _layout: 'manual',
}
