{
  _type: 'element',
  tags: null,
  links: null,
  _stage: 'layouted',
  sourcePath: 'model.views.c4',
  description: null,
  title: 'SRDP business context',
  id: 'srdp',
  autoLayout: {
    direction: 'TB',
  },
  hash: 'XJPfjzMO4lYSbNVxhcIVMqgKri-wHw3dYrbd58BuiMk',
  bounds: {
    x: 413,
    y: -26,
    width: 1090,
    height: 1178,
  },
  nodes: [
    {
      id: 'srdp',
      parent: null,
      level: 0,
      children: [
        'srdp.services',
        'srdp.core',
      ],
      inEdges: [
        'bhcebg',
        'lydiap',
        '1fo8hz2',
      ],
      outEdges: [],
      title: 'SRDP',
      modelRef: 'srdp',
      shape: 'rectangle',
      color: 'foundation-blue',
      style: {
        opacity: 15,
        size: 'md',
      },
      description: {
        txt: 'A sovereign data platform based on an opinionated configuration of open standards and open source components.',
      },
      tags: [],
      kind: 'system',
      depth: 2,
      x: 433,
      y: 252,
      width: 1050,
      height: 627,
      labelBBox: {
        x: 6,
        y: 0,
        width: 35,
        height: 15,
      },
      navigateTo: null,
      links: null,
    },
    {
      id: 'srdp.services',
      parent: 'srdp',
      level: 1,
      children: [
        'srdp.services.api',
        'srdp.services.apps',
      ],
      inEdges: [
        'lydiap',
      ],
      outEdges: [
        'w595ue',
      ],
      title: 'Services',
      modelRef: 'srdp.services',
      shape: 'rectangle',
      color: 'foundation-blue',
      style: {
        opacity: 15,
        size: 'md',
      },
      description: {
        txt: 'Apps & services through which data products, dashboards and apps can be consumed.',
      },
      tags: [],
      kind: 'system',
      depth: 1,
      x: 984,
      y: 313,
      width: 457,
      height: 503,
      labelBBox: {
        x: 6,
        y: 0,
        width: 60,
        height: 15,
      },
      navigateTo: null,
      links: null,
    },
    {
      id: 'srdp.services.api',
      parent: 'srdp.services',
      level: 2,
      children: [],
      inEdges: [],
      outEdges: [],
      title: 'API',
      modelRef: 'srdp.services.api',
      shape: 'component',
      color: 'foundation-green',
      style: {
        opacity: 15,
        size: 'md',
      },
      description: {
        txt: 'Provides openAPI-based read-access to the core data platform.',
      },
      tags: [],
      links: [
        {
          url: 'https://swagger.io/specification/',
          title: 'OpenAPI specification.',
        },
        {
          url: 'https://fastapi.tiangolo.com/',
          title: 'FastAPI as preferred open source framework for building APIs.',
        },
      ],
      kind: 'container',
      x: 1026,
      y: 373,
      width: 373,
      height: 180,
      labelBBox: {
        x: 38,
        y: 56,
        width: 298,
        height: 65,
      },
      navigateTo: null,
    },
    {
      id: 'srdp.services.apps',
      parent: 'srdp.services',
      level: 2,
      children: [],
      inEdges: [],
      outEdges: [],
      title: 'Apps',
      modelRef: 'srdp.services.apps',
      shape: 'component',
      color: 'foundation-green',
      style: {
        opacity: 15,
        size: 'md',
      },
      description: {
        txt: 'Applications that provide user interfaces for consuming data products, dashboards, and machine learning models.',
      },
      tags: [],
      links: [
        {
          url: 'https://shiny.posit.co/py/docs/overview.html',
          title: 'Shiny for Python as recommended open source framework for building data apps.',
        },
        {
          url: 'https://streamlit.io/',
          title: 'Streamlit as recommended open source framework for building data apps.',
        },
      ],
      kind: 'container',
      x: 1026,
      y: 594,
      width: 367,
      height: 180,
      labelBBox: {
        x: 38,
        y: 47,
        width: 292,
        height: 83,
      },
      navigateTo: null,
    },
    {
      id: 'developer',
      parent: null,
      level: 0,
      children: [],
      inEdges: [],
      outEdges: [
        'bhcebg',
      ],
      title: 'Data/AI Engineer',
      modelRef: 'developer',
      shape: 'person',
      color: 'foundation-orange',
      style: {
        opacity: 15,
        size: 'md',
      },
      description: {
        txt: 'Develops and monitors data pipelines',
      },
      tags: [],
      kind: 'actor',
      x: 518,
      y: -6,
      width: 320,
      height: 180,
      labelBBox: {
        x: 33,
        y: 65,
        width: 254,
        height: 47,
      },
      navigateTo: null,
      links: null,
    },
    {
      id: 'consumer',
      parent: null,
      level: 0,
      children: [],
      inEdges: [],
      outEdges: [
        'lydiap',
      ],
      title: 'Data/AI Consumer',
      modelRef: 'consumer',
      shape: 'person',
      color: 'foundation-orange',
      style: {
        opacity: 15,
        size: 'md',
      },
      description: {
        txt: 'Consumes data products, dashboards and machine learning models for decision making.',
      },
      tags: [],
      kind: 'actor',
      x: 1031,
      y: 3,
      width: 344,
      height: 180,
      labelBBox: {
        x: 18,
        y: 56,
        width: 308,
        height: 65,
      },
      navigateTo: null,
      links: null,
    },
    {
      id: 'provider',
      parent: null,
      level: 0,
      children: [],
      inEdges: [],
      outEdges: [
        '1fo8hz2',
      ],
      title: 'Service Provider',
      modelRef: 'provider',
      shape: 'person',
      color: 'foundation-orange',
      style: {
        opacity: 15,
        size: 'md',
      },
      description: {
        txt: 'Provides SRDP as a managed platform and/or service',
      },
      tags: [],
      kind: 'actor',
      x: 773,
      y: 952,
      width: 348,
      height: 180,
      labelBBox: {
        x: 18,
        y: 56,
        width: 312,
        height: 65,
      },
      navigateTo: null,
      links: null,
    },
    {
      id: 'srdp.core',
      parent: 'srdp',
      level: 1,
      children: [
        'srdp.core.orchestrator',
        'srdp.core.lakehouse',
      ],
      inEdges: [
        'w595ue',
        'bhcebg',
      ],
      outEdges: [],
      title: 'SRDP Core',
      modelRef: 'srdp.core',
      shape: 'rectangle',
      color: 'foundation-blue',
      style: {
        opacity: 15,
        size: 'md',
      },
      description: {
        txt: 'An integrated lakehouse data platform that leverages open storage types, data formats and data processing pipelines for reporting, analytics, and machine learning, as well as streaming workloads.',
      },
      tags: [],
      kind: 'system',
      depth: 1,
      x: 475,
      y: 312,
      width: 426,
      height: 525,
      labelBBox: {
        x: 6,
        y: 0,
        width: 69,
        height: 15,
      },
      navigateTo: null,
      links: null,
    },
    {
      id: 'srdp.core.orchestrator',
      parent: 'srdp.core',
      level: 2,
      children: [],
      inEdges: [],
      outEdges: [
        '1w73sqr',
      ],
      title: 'Workflow Orchestrator',
      modelRef: 'srdp.core.orchestrator',
      shape: 'rectangle',
      color: 'foundation-blue',
      style: {
        opacity: 15,
        size: 'md',
      },
      description: {
        txt: 'Manages and schedules data pipelines, ensuring that data processing tasks are executed in the correct order and at the right time.',
      },
      tags: [],
      links: [
        {
          url: 'https://docs.dagster.io/',
          title: 'Dagster as preferred open source workflow orchestrator.',
        },
      ],
      kind: 'system',
      navigateTo: 'view_1h9a6o',
      x: 529,
      y: 372,
      width: 320,
      height: 180,
      labelBBox: {
        x: 26,
        y: 38,
        width: 268,
        height: 101,
      },
    },
    {
      id: 'srdp.core.lakehouse',
      parent: 'srdp.core',
      level: 2,
      children: [],
      inEdges: [
        '1w73sqr',
        'w595ue',
      ],
      outEdges: [],
      title: 'Lakehouse',
      modelRef: 'srdp.core.lakehouse',
      shape: 'rectangle',
      color: 'foundation-blue',
      style: {
        opacity: 15,
        size: 'md',
      },
      description: {
        txt: 'A data storage architecture that combines the benefits of data lakes and data warehouses, providing a unified platform for storing and analyzing structured and unstructured data.',
      },
      tags: [],
      links: [
        {
          url: 'https://doi.org/10.1007/s42979-024-02737-0',
          title: 'Overview paper.',
        },
      ],
      kind: 'system',
      navigateTo: 'view_1oabtlr',
      x: 517,
      y: 615,
      width: 342,
      height: 180,
      labelBBox: {
        x: 18,
        y: 38,
        width: 307,
        height: 101,
      },
    },
  ],
  edges: [
    {
      id: '1w73sqr',
      source: 'srdp.core.orchestrator',
      target: 'srdp.core.lakehouse',
      label: 'persisted/materialized on',
      points: [
        [
          788,
          691,
        ],
        [
          708,
          691,
        ],
        [
          610,
          691,
        ],
        [
          527,
          691,
        ],
      ],
      labelBBox: {
        x: 689,
        y: 577,
        width: 160,
        height: 18,
      },
      parent: 'srdp.core',
      relations: [
        'v800gz',
      ],
      color: 'gray',
      line: 'dashed',
      head: 'normal',
      controlPoints: [
        {
          x: 689,
          y: 577,
        },
        {
          x: 688,
          y: 590,
        },
      ],
      isLabelCustomized: false,
      navigateTo: null,
      tags: null,
    },
    {
      id: 'w595ue',
      source: 'srdp.services',
      target: 'srdp.core.lakehouse',
      label: 'exposes data for consumption from',
      points: [
        [
          1007,
          457,
        ],
        [
          966,
          458,
        ],
      ],
      labelBBox: {
        x: 934,
        y: 639,
        width: 223,
        height: 18,
      },
      parent: 'srdp',
      relations: [
        '1qy3h07',
      ],
      color: 'gray',
      line: 'dashed',
      head: 'normal',
      controlPoints: [
        {
          x: 934,
          y: 639,
        },
        {
          x: 909,
          y: 646,
        },
      ],
      isLabelCustomized: false,
      navigateTo: null,
      tags: null,
    },
    {
      id: 'bhcebg',
      source: 'developer',
      target: 'srdp.core',
      label: 'develops pipelines, monitors runs',
      points: [
        [
          301,
          232,
        ],
        [
          304,
          258,
        ],
      ],
      labelBBox: {
        x: 681,
        y: 229,
        width: 212,
        height: 18,
      },
      parent: null,
      relations: [
        '15o81to',
      ],
      color: 'gray',
      line: 'dashed',
      head: 'normal',
      controlPoints: [
        {
          x: 681,
          y: 229,
        },
        {
          x: 682,
          y: 257,
        },
      ],
      isLabelCustomized: false,
      navigateTo: null,
      tags: null,
    },
    {
      id: 'lydiap',
      source: 'consumer',
      target: 'srdp.services',
      label: 'consumes data products, dashboards',
      points: [
        [
          1295,
          231,
        ],
        [
          1327,
          258,
        ],
      ],
      labelBBox: {
        x: 1206,
        y: 235,
        width: 237,
        height: 18,
      },
      parent: null,
      relations: [
        'mrv2rm',
      ],
      color: 'gray',
      line: 'dashed',
      head: 'normal',
      controlPoints: [
        {
          x: 1206,
          y: 235,
        },
        {
          x: 1206,
          y: 261,
        },
      ],
      isLabelCustomized: false,
      navigateTo: null,
      tags: null,
    },
    {
      id: '1fo8hz2',
      source: 'provider',
      target: 'srdp',
      label: 'provides managed services for',
      points: [
        [
          -33,
          481,
        ],
        [
          26,
          491,
        ],
      ],
      labelBBox: {
        x: 950,
        y: 923,
        width: 195,
        height: 18,
      },
      parent: null,
      relations: [
        '5cb7p8',
      ],
      color: 'gray',
      line: 'dashed',
      head: 'normal',
      controlPoints: [
        {
          x: 950,
          y: 923,
        },
        {
          x: 950,
          y: 909,
        },
      ],
      isLabelCustomized: false,
      navigateTo: null,
      tags: null,
    },
  ],
  _layout: 'manual',
}
